This file contains any messages produced by compilers while
running configure, to aid debugging if configure makes a mistake.

It was created by Lithe configure 1.0, which was
generated by GNU Autoconf 2.69.  Invocation command line was

  $ ./configure --prefix=/p/lustre5/evans117/lithe-docker/install-lithe --with-parlib=/p/lustre5/evans117/lithe-docker/install-lithe

## --------- ##
## Platform. ##
## --------- ##

hostname = tuolumne2149
uname -m = x86_64
uname -r = 4.18.0-553.126.1.1toss.t4.x86_64
uname -s = Linux
uname -v = #1 SMP Thu Jun 4 13:09:32 PDT 2026

/usr/bin/uname -p = x86_64
/bin/uname -X     = unknown

/bin/arch              = x86_64
/usr/bin/arch -k       = unknown
/usr/convex/getsysinfo = unknown
/usr/bin/hostinfo      = unknown
/bin/machine           = unknown
/usr/bin/oslevel       = unknown
/bin/universe          = unknown

## --------- ##
## Platform. ##
## --------- ##

hostname = tuolumne2149
uname -m = x86_64
uname -r = 4.18.0-553.126.1.1toss.t4.x86_64
uname -s = Linux
uname -v = #1 SMP Thu Jun 4 13:09:32 PDT 2026

/usr/bin/uname -p = x86_64
/bin/uname -X     = unknown

/bin/arch              = x86_64
/usr/bin/arch -k       = unknown
/usr/convex/getsysinfo = unknown
/usr/bin/hostinfo      = unknown
/bin/machine           = unknown
/usr/bin/oslevel       = unknown
/bin/universe          = unknown

## --------- ##
## Platform. ##
## --------- ##

hostname = tuolumne2149
uname -m = x86_64
uname -r = 4.18.0-553.126.1.1toss.t4.x86_64
uname -s = Linux
uname -v = #1 SMP Thu Jun 4 13:09:32 PDT 2026

/usr/bin/uname -p = x86_64
/bin/uname -X     = unknown

/bin/arch              = x86_64
/usr/bin/arch -k       = unknown
/usr/convex/getsysinfo = unknown
/usr/bin/hostinfo      = unknown
/bin/machine           = unknown
/usr/bin/oslevel       = unknown
/bin/universe          = unknown

PATH: /p/lustre5/evans117/lithe-docker/.cursor/bin
PATH: /p/lustre5/evans117/lithe-docker/.cursor/bin
PATH: /p/lustre5/evans117/lithe-docker/.cursor/bin
PATH: /p/lustre5/evans117/lithe-docker/scripts
PATH: /p/lustre5/evans117/lithe-docker/scripts
PATH: /p/lustre5/evans117/lithe-docker/scripts
PATH: /g/g17/evans117/bin
PATH: /g/g17/evans117/bin
PATH: /g/g17/evans117/bin
PATH: /g/g17/evans117/.local/bin
PATH: /g/g17/evans117/.local/bin
PATH: /g/g17/evans117/.local/bin
PATH: /g/g17/evans117/.cursor-server/bin/linux-x64/042b3c1a4c53f2c3808067f519fbfc67b72cad80/node_modules/@vscode/ripgrep/bin
PATH: /g/g17/evans117/.cursor-server/bin/linux-x64/042b3c1a4c53f2c3808067f519fbfc67b72cad80/node_modules/@vscode/ripgrep/bin
PATH: /g/g17/evans117/.cursor-server/bin/linux-x64/042b3c1a4c53f2c3808067f519fbfc67b72cad80/node_modules/@vscode/ripgrep/bin
PATH: /g/g17/evans117/.cursor-server/bin/linux-x64/042b3c1a4c53f2c3808067f519fbfc67b72cad80/bin/remote-cli
PATH: /g/g17/evans117/.cursor-server/bin/linux-x64/042b3c1a4c53f2c3808067f519fbfc67b72cad80/bin/remote-cli
PATH: /g/g17/evans117/.cursor-server/bin/linux-x64/042b3c1a4c53f2c3808067f519fbfc67b72cad80/bin/remote-cli
PATH: /g/g17/evans117/.cursor-server/bin/linux-x64/042b3c1a4c53f2c3808067f519fbfc67b72cad80/bin/remote-cli
PATH: /g/g17/evans117/.cursor-server/bin/linux-x64/042b3c1a4c53f2c3808067f519fbfc67b72cad80/bin/remote-cli
PATH: /g/g17/evans117/.cursor-server/bin/linux-x64/042b3c1a4c53f2c3808067f519fbfc67b72cad80/bin/remote-cli
PATH: /opt/cray/pe/mpich/9.0.1/ofi/crayclang/20.0/bin
PATH: /opt/cray/pe/mpich/9.0.1/ofi/crayclang/20.0/bin
PATH: /opt/cray/pe/mpich/9.0.1/ofi/crayclang/20.0/bin
PATH: /opt/cray/pe/mpich/9.0.1/bin
PATH: /opt/cray/pe/mpich/9.0.1/bin
PATH: /opt/cray/pe/mpich/9.0.1/bin
PATH: /opt/cray/pe/cce/20.0.0/binutils/x86_64/x86_64-pc-linux-gnu/bin
PATH: /opt/cray/pe/cce/20.0.0/binutils/x86_64/x86_64-pc-linux-gnu/bin
PATH: /opt/cray/pe/cce/20.0.0/binutils/x86_64/x86_64-pc-linux-gnu/bin
PATH: /opt/cray/pe/cce/20.0.0/binutils/cross/x86_64-aarch64/aarch64-linux-gnu/../bin
PATH: /opt/cray/pe/cce/20.0.0/binutils/cross/x86_64-aarch64/aarch64-linux-gnu/../bin
PATH: /opt/cray/pe/cce/20.0.0/binutils/cross/x86_64-aarch64/aarch64-linux-gnu/../bin
PATH: /opt/cray/pe/cce/20.0.0/utils/x86_64/bin
PATH: /opt/cray/pe/cce/20.0.0/utils/x86_64/bin
PATH: /opt/cray/pe/cce/20.0.0/utils/x86_64/bin
PATH: /opt/cray/pe/cce/20.0.0/bin
PATH: /opt/cray/pe/cce/20.0.0/bin
PATH: /opt/cray/pe/cce/20.0.0/bin
PATH: /usr/global/tools/flux_wrappers/bin
PATH: /usr/global/tools/flux_wrappers/bin
PATH: /usr/global/tools/flux_wrappers/bin
PATH: /usr/tce/bin
PATH: /usr/tce/bin
PATH: /usr/tce/bin
PATH: /opt/cray/pe/craype/2.7.35/bin
PATH: /opt/cray/pe/craype/2.7.35/bin
PATH: /opt/cray/pe/craype/2.7.35/bin
PATH: /opt/cray/pe/perftools/25.09.0/bin
PATH: /opt/cray/pe/perftools/25.09.0/bin
PATH: /opt/cray/pe/perftools/25.09.0/bin
PATH: /opt/cray/pe/papi/7.2.0.2/bin
PATH: /opt/cray/pe/papi/7.2.0.2/bin
PATH: /opt/cray/pe/papi/7.2.0.2/bin
PATH: /usr/lib64/ccache
PATH: /usr/lib64/ccache
PATH: /usr/lib64/ccache
PATH: /g/g17/evans117/bin
PATH: /g/g17/evans117/bin
PATH: /g/g17/evans117/bin
PATH: /usr/local/bin
PATH: /usr/local/bin
PATH: /usr/local/bin
PATH: /usr/bin
PATH: /usr/bin
PATH: /usr/bin
PATH: /usr/local/sbin
PATH: /usr/local/sbin
PATH: /usr/local/sbin
PATH: /usr/sbin
PATH: /usr/sbin
PATH: /usr/sbin
PATH: /opt/cray/pe/bin
PATH: /opt/cray/pe/bin
PATH: /opt/cray/pe/bin
PATH: .
PATH: .
PATH: .
PATH: .
PATH: .
PATH: .
PATH: .
PATH: .
PATH: .


## ----------- ##
## Core tests. ##
## ----------- ##



## ----------- ##
## Core tests. ##
## ----------- ##



## ----------- ##
## Core tests. ##
## ----------- ##

configure:2327: checking for a BSD-compatible install
configure:2327: checking for a BSD-compatible install
configure:2327: checking for a BSD-compatible install
configure:2395: result: /usr/bin/install -c
configure:2395: result: build-aux/install-sh -c
configure:2395: result: build-aux/install-sh -c
configure:2406: checking whether build environment is sane
configure:2406: checking whether build environment is sane
configure:2406: checking whether build environment is sane
configure:2461: result: yes
configure:2461: result: yes
configure:2461: result: yes
configure:2612: checking for a thread-safe mkdir -p
configure:2612: checking for a thread-safe mkdir -p
configure:2612: checking for a thread-safe mkdir -p
configure:2651: result: /usr/bin/mkdir -p
configure:2651: result: /usr/bin/mkdir -p
configure:2658: checking for gawk
configure:2651: result: /usr/bin/mkdir -p
configure:2658: checking for gawk
configure:2658: checking for gawk
configure:2674: found /usr/bin/gawk
configure:2674: found /usr/bin/gawk
configure:2674: found /usr/bin/gawk
configure:2685: result: gawk
configure:2685: result: gawk
configure:2685: result: gawk
configure:2696: checking whether make sets $(MAKE)
configure:2696: checking whether make sets $(MAKE)
configure:2696: checking whether make sets $(MAKE)
configure:2718: result: yes
configure:2718: result: yes
configure:2718: result: yes
configure:2747: checking whether make supports nested variables
configure:2747: checking whether make supports nested variables
configure:2747: checking whether make supports nested variables
configure:2764: result: yes
configure:2764: result: yes
configure:2764: result: yes
configure:2940: checking for gcc
configure:2940: checking for gcc
configure:2940: checking for gcc
configure:2956: found /usr/tce/bin/gcc
configure:2956: found /usr/tce/bin/gcc
configure:2956: found /usr/tce/bin/gcc
configure:2967: result: gcc
configure:2967: result: gcc
configure:2967: result: gcc
configure:3196: checking for C compiler version
configure:3196: checking for C compiler version
configure:3196: checking for C compiler version
configure:3205: gcc --version >&5
configure:3205: gcc --version >&5
configure:3205: gcc --version >&5
gcc (GCC) 13.3.1 20240611 (Red Hat 13.3.1-2)
Copyright (C) 2023 Free Software Foundation, Inc.
This is free software; see the source for copying conditions.  There is NO
warranty; not even for MERCHANTABILITY or FITNESS FOR A PARTICULAR PURPOSE.

gcc (GCC) 13.3.1 20240611 (Red Hat 13.3.1-2)
Copyright (C) 2023 Free Software Foundation, Inc.
This is free software; see the source for copying conditions.  There is NO
warranty; not even for MERCHANTABILITY or FITNESS FOR A PARTICULAR PURPOSE.

gcc (GCC) 13.3.1 20240611 (Red Hat 13.3.1-2)
Copyright (C) 2023 Free Software Foundation, Inc.
This is free software; see the source for copying conditions.  There is NO
warranty; not even for MERCHANTABILITY or FITNESS FOR A PARTICULAR PURPOSE.

configure:3216: $? = 0
configure:3205: gcc -v >&5
configure:3216: $? = 0
configure:3216: $? = 0
configure:3205: gcc -v >&5
configure:3205: gcc -v >&5
Using built-in specs.
COLLECT_GCC=/usr/tce/packages/gcc/gcc-13.3.1/bin/gcc
COLLECT_LTO_WRAPPER=/collab/usr/global/tools/tce4/packages/gcc/gcc-13.3.1/bin/../libexec/gcc/x86_64-redhat-linux/13/lto-wrapper
OFFLOAD_TARGET_NAMES=nvptx-none
OFFLOAD_TARGET_DEFAULT=1
Target: x86_64-redhat-linux
Configured with: ../configure --enable-bootstrap --enable-languages=c,c++,fortran,lto --prefix=/opt/rh/gcc-toolset-13/root/usr --mandir=/opt/rh/gcc-toolset-13/root/usr/share/man --infodir=/opt/rh/gcc-toolset-13/root/usr/share/info --with-bugurl=http://bugzilla.redhat.com/bugzilla --enable-shared --enable-threads=posix --enable-checking=release --enable-multilib --with-system-zlib --enable-__cxa_atexit --disable-libunwind-exceptions --enable-gnu-unique-object --enable-linker-build-id --with-gcc-major-version-only --enable-libstdcxx-backtrace --with-libstdcxx-zoneinfo=/usr/share/zoneinfo --with-linker-hash-style=gnu --enable-plugin --enable-initfini-array --with-isl=/builddir/build/BUILD/gcc-13.3.1-20240611/obj-x86_64-redhat-linux/isl-install --enable-offload-targets=nvptx-none --without-cuda-driver --enable-offload-defaulted --enable-gnu-indirect-function --enable-cet --with-tune=generic --with-arch_32=x86-64 --build=x86_64-redhat-linux
Thread model: posix
Supported LTO compression algorithms: zlib zstd
gcc version 13.3.1 20240611 (Red Hat 13.3.1-2) (GCC) 
... rest of stderr output deleted ...
Using built-in specs.
COLLECT_GCC=/usr/tce/packages/gcc/gcc-13.3.1/bin/gcc
COLLECT_LTO_WRAPPER=/collab/usr/global/tools/tce4/packages/gcc/gcc-13.3.1/bin/../libexec/gcc/x86_64-redhat-linux/13/lto-wrapper
OFFLOAD_TARGET_NAMES=nvptx-none
OFFLOAD_TARGET_DEFAULT=1
Target: x86_64-redhat-linux
Configured with: ../configure --enable-bootstrap --enable-languages=c,c++,fortran,lto --prefix=/opt/rh/gcc-toolset-13/root/usr --mandir=/opt/rh/gcc-toolset-13/root/usr/share/man --infodir=/opt/rh/gcc-toolset-13/root/usr/share/info --with-bugurl=http://bugzilla.redhat.com/bugzilla --enable-shared --enable-threads=posix --enable-checking=release --enable-multilib --with-system-zlib --enable-__cxa_atexit --disable-libunwind-exceptions --enable-gnu-unique-object --enable-linker-build-id --with-gcc-major-version-only --enable-libstdcxx-backtrace --with-libstdcxx-zoneinfo=/usr/share/zoneinfo --with-linker-hash-style=gnu --enable-plugin --enable-initfini-array --with-isl=/builddir/build/BUILD/gcc-13.3.1-20240611/obj-x86_64-redhat-linux/isl-install --enable-offload-targets=nvptx-none --without-cuda-driver --enable-offload-defaulted --enable-gnu-indirect-function --enable-cet --with-tune=generic --with-arch_32=x86-64 --build=x86_64-redhat-linux
Thread model: posix
Supported LTO compression algorithms: zlib zstd
gcc version 13.3.1 20240611 (Red Hat 13.3.1-2) (GCC) 
... rest of stderr output deleted ...
Using built-in specs.
COLLECT_GCC=/usr/tce/packages/gcc/gcc-13.3.1/bin/gcc
COLLECT_LTO_WRAPPER=/collab/usr/global/tools/tce4/packages/gcc/gcc-13.3.1/bin/../libexec/gcc/x86_64-redhat-linux/13/lto-wrapper
OFFLOAD_TARGET_NAMES=nvptx-none
OFFLOAD_TARGET_DEFAULT=1
Target: x86_64-redhat-linux
Configured with: ../configure --enable-bootstrap --enable-languages=c,c++,fortran,lto --prefix=/opt/rh/gcc-toolset-13/root/usr --mandir=/opt/rh/gcc-toolset-13/root/usr/share/man --infodir=/opt/rh/gcc-toolset-13/root/usr/share/info --with-bugurl=http://bugzilla.redhat.com/bugzilla --enable-shared --enable-threads=posix --enable-checking=release --enable-multilib --with-system-zlib --enable-__cxa_atexit --disable-libunwind-exceptions --enable-gnu-unique-object --enable-linker-build-id --with-gcc-major-version-only --enable-libstdcxx-backtrace --with-libstdcxx-zoneinfo=/usr/share/zoneinfo --with-linker-hash-style=gnu --enable-plugin --enable-initfini-array --with-isl=/builddir/build/BUILD/gcc-13.3.1-20240611/obj-x86_64-redhat-linux/isl-install --enable-offload-targets=nvptx-none --without-cuda-driver --enable-offload-defaulted --enable-gnu-indirect-function --enable-cet --with-tune=generic --with-arch_32=x86-64 --build=x86_64-redhat-linux
Thread model: posix
Supported LTO compression algorithms: zlib zstd
gcc version 13.3.1 20240611 (Red Hat 13.3.1-2) (GCC) 
... rest of stderr output deleted ...
configure:3216: $? = 0
configure:3216: $? = 0
configure:3216: $? = 0
configure:3205: gcc -V >&5
configure:3205: gcc -V >&5
configure:3205: gcc -V >&5
gcc: error: unrecognized command-line option '-V'
gcc: error: unrecognized command-line option '-V'
configure:3216: $? = 1
configure:3205: gcc -qversion >&5
configure:3216: $? = 1
configure:3205: gcc -qversion >&5
configure:3216: $? = 1
configure:3205: gcc -qversion >&5
gcc (GCC) 13.3.1 20240611 (Red Hat 13.3.1-2)
Copyright (C) 2023 Free Software Foundation, Inc.
This is free software; see the source for copying conditions.  There is NO
warranty; not even for MERCHANTABILITY or FITNESS FOR A PARTICULAR PURPOSE.

gcc (GCC) 13.3.1 20240611 (Red Hat 13.3.1-2)
Copyright (C) 2023 Free Software Foundation, Inc.
This is free software; see the source for copying conditions.  There is NO
warranty; not even for MERCHANTABILITY or FITNESS FOR A PARTICULAR PURPOSE.

gcc (GCC) 13.3.1 20240611 (Red Hat 13.3.1-2)
Copyright (C) 2023 Free Software Foundation, Inc.
This is free software; see the source for copying conditions.  There is NO
warranty; not even for MERCHANTABILITY or FITNESS FOR A PARTICULAR PURPOSE.

configure:3216: $? = 0
configure:3216: $? = 0
configure:3216: $? = 0
configure:3236: checking whether the C compiler works
configure:3236: checking whether the C compiler works
configure:3236: checking whether the C compiler works
configure:3258: gcc -O2 -g -fno-omit-frame-pointer   -L/p/lustre5/evans117/lithe-docker/install-lithe/lib conftest.c  -lvcore_stub >&5
configure:3258: gcc -O2 -g -fno-omit-frame-pointer   -L/p/lustre5/evans117/lithe-docker/install-lithe/lib conftest.c  -lvcore_stub >&5
configure:3258: gcc -O2 -g -fno-omit-frame-pointer   -L/p/lustre5/evans117/lithe-docker/install-lithe/lib conftest.c  -lvcore_stub >&5
configure:3262: $? = 0
configure:3262: $? = 0
configure:3262: $? = 0
configure:3310: result: yes
configure:3310: result: yes
configure:3310: result: yes
configure:3313: checking for C compiler default output file name
configure:3313: checking for C compiler default output file name
configure:3313: checking for C compiler default output file name
configure:3315: result: a.out
configure:3315: result: a.out
configure:3315: result: a.out
configure:3321: checking for suffix of executables
configure:3321: checking for suffix of executables
configure:3328: gcc -o conftest -O2 -g -fno-omit-frame-pointer   -L/p/lustre5/evans117/lithe-docker/install-lithe/lib conftest.c  -lvcore_stub >&5
configure:3321: checking for suffix of executables
configure:3328: gcc -o conftest -O2 -g -fno-omit-frame-pointer   -L/p/lustre5/evans117/lithe-docker/install-lithe/lib conftest.c  -lvcore_stub >&5
configure:3328: gcc -o conftest -O2 -g -fno-omit-frame-pointer   -L/p/lustre5/evans117/lithe-docker/install-lithe/lib conftest.c  -lvcore_stub >&5
configure:3332: $? = 0
configure:3332: $? = 0
configure:3354: result: 
configure:3332: $? = 0
configure:3354: result: 
configure:3354: result: 
configure:3376: checking whether we are cross compiling
configure:3384: gcc -o conftest -O2 -g -fno-omit-frame-pointer   -L/p/lustre5/evans117/lithe-docker/install-lithe/lib conftest.c  -lvcore_stub >&5
configure:3376: checking whether we are cross compiling
configure:3376: checking whether we are cross compiling
configure:3384: gcc -o conftest -O2 -g -fno-omit-frame-pointer   -L/p/lustre5/evans117/lithe-docker/install-lithe/lib conftest.c  -lvcore_stub >&5
configure:3384: gcc -o conftest -O2 -g -fno-omit-frame-pointer   -L/p/lustre5/evans117/lithe-docker/install-lithe/lib conftest.c  -lvcore_stub >&5
configure:3388: $? = 0
configure:3388: $? = 0
configure:3395: ./conftest
configure:3395: ./conftest
configure:3388: $? = 0
configure:3395: ./conftest
configure:3399: $? = 0
configure:3414: result: no
configure:3399: $? = 0
configure:3414: result: no
configure:3399: $? = 0
configure:3419: checking for suffix of object files
configure:3414: result: no
configure:3419: checking for suffix of object files
configure:3419: checking for suffix of object files
configure:3441: gcc -c -O2 -g -fno-omit-frame-pointer  conftest.c >&5
configure:3441: gcc -c -O2 -g -fno-omit-frame-pointer  conftest.c >&5
configure:3441: gcc -c -O2 -g -fno-omit-frame-pointer  conftest.c >&5
configure:3445: $? = 0
configure:3445: $? = 0
configure:3445: $? = 0
configure:3466: result: o
configure:3466: result: o
configure:3470: checking whether we are using the GNU C compiler
configure:3466: result: o
configure:3470: checking whether we are using the GNU C compiler
configure:3470: checking whether we are using the GNU C compiler
configure:3489: gcc -c -O2 -g -fno-omit-frame-pointer  conftest.c >&5
configure:3489: gcc -c -O2 -g -fno-omit-frame-pointer  conftest.c >&5
configure:3489: gcc -c -O2 -g -fno-omit-frame-pointer  conftest.c >&5
configure:3489: $? = 0
configure:3489: $? = 0
configure:3489: $? = 0
configure: failed program was:
configure:3498: result: yes
configure:3507: checking whether gcc accepts -g
configure:3498: result: yes
configure:3507: checking whether gcc accepts -g
configure:3498: result: no
configure:3507: checking whether gcc accepts -g
configure:3527: gcc -c -g  conftest.c >&5
configure:3527: gcc -c -g  conftest.c >&5
configure:3527: gcc -c -g  conftest.c >&5
configure:3527: $? = 0
configure:3527: $? = 0
configure:3568: result: yes
configure:3568: result: yes
configure:3585: checking for gcc option to accept ISO C89
configure:3527: $? = 0
configure:3585: checking for gcc option to accept ISO C89
configure: failed program was:
| /* confdefs.h */
| #define PACKAGE_NAME "Lithe"
| #define PACKAGE_NAME "Lithe"
| #define PACKAGE_NAME "Lithe"
| #define PACKAGE_TARNAME "lithe"
| #define PACKAGE_TARNAME "lithe"
| #define PACKAGE_TARNAME "lithe"
| #define PACKAGE_VERSION "1.0"
| #define PACKAGE_VERSION "1.0"
| #define PACKAGE_VERSION "1.0"
| #define PACKAGE_STRING "Lithe 1.0"
| #define PACKAGE_STRING "Lithe 1.0"
| #define PACKAGE_STRING "Lithe 1.0"
| #define PACKAGE_BUGREPORT "klueska@cs.berkeley.edu"
| #define PACKAGE_BUGREPORT "klueska@cs.berkeley.edu"
| #define PACKAGE_BUGREPORT "klueska@cs.berkeley.edu"
| #define PACKAGE_URL ""
| #define PACKAGE_URL ""
| #define PACKAGE_URL ""
| #define PACKAGE "lithe"
| #define PACKAGE "lithe"
| #define PACKAGE "lithe"
| #define VERSION "1.0"
| #define VERSION "1.0"
| #define VERSION "1.0"
| /* end confdefs.h.  */
| #include <stdarg.h>
| #include <stdio.h>
| struct stat;
| /* Most of the following tests are stolen from RCS 5.7's src/conf.sh.  */
| struct buf { int x; };
| FILE * (*rcsopen) (struct buf *, struct stat *, int);
| static char *e (p, i)
|      char **p;
|      int i;
| {
|   return p[i];
| }
| static char *f (char * (*g) (char **, int), char **p, ...)
| {
|   char *s;
|   va_list v;
|   va_start (v,p);
|   s = g (p, va_arg (v,int));
|   va_end (v);
|   return s;
| }
| 
| /* OSF 4.0 Compaq cc is some sort of almost-ANSI by default.  It has
|    function prototypes and stuff, but not '\xHH' hex character constants.
|    These don't provoke an error unfortunately, instead are silently treated
|    as 'x'.  The following induces an error, until -std is added to get
|    proper ANSI mode.  Curiously '\x00'!='x' always comes out true, for an
|    array size at least.  It's necessary to write '\x00'==0 to get something
|    that's true only with -std.  */
| int osf4_cc_array ['\x00' == 0 ? 1 : -1];
| 
| /* IBM C 6 for AIX is almost-ANSI by default, but it replaces macro parameters
|    inside strings and character constants.  */
| #define FOO(x) 'x'
| int xlc6_cc_array[FOO(a) == 'x' ? 1 : -1];
| 
| int test (int i, double x);
| struct s1 {int (*f) (int a);};
| struct s2 {int (*f) (double a);};
| int pairnames (int, char **, FILE *(*)(struct buf *, struct stat *, int), int, int);
| int argc;
| char **argv;
| int
| main ()
| {
| return f (e, argv, 0) != argv[0]  ||  f (e, argv, 1) != argv[1];
|   ;
|   return 0;
| }
configure:3648: gcc  -c -O2 -g -fno-omit-frame-pointer  conftest.c >&5
configure:3648: gcc  -c -O2 -g -fno-omit-frame-pointer  conftest.c >&5
configure:3542: gcc -c   conftest.c >&5
configure:3648: $? = 0
configure:3648: $? = 0
configure:3661: result: none needed
configure:3661: result: none needed
configure:3542: $? = 0
configure:3686: checking whether gcc understands -c and -o together
configure:3686: checking whether gcc understands -c and -o together
configure: failed program was:
configure:3708: gcc -c conftest.c -o conftest2.o
| /* confdefs.h */
| #define PACKAGE_NAME "Lithe"
| #define PACKAGE_NAME "Lithe"
| #define PACKAGE_NAME "Lithe"
| #define PACKAGE_TARNAME "lithe"
| #define PACKAGE_TARNAME "lithe"
| #define PACKAGE_TARNAME "lithe"
| #define PACKAGE_VERSION "1.0"
| #define PACKAGE_VERSION "1.0"
| #define PACKAGE_VERSION "1.0"
| #define PACKAGE_STRING "Lithe 1.0"
| #define PACKAGE_STRING "Lithe 1.0"
| #define PACKAGE_STRING "Lithe 1.0"
| #define PACKAGE_BUGREPORT "klueska@cs.berkeley.edu"
| #define PACKAGE_BUGREPORT "klueska@cs.berkeley.edu"
| #define PACKAGE_BUGREPORT "klueska@cs.berkeley.edu"
| #define PACKAGE_URL ""
| #define PACKAGE_URL ""
| #define PACKAGE_URL ""
| #define PACKAGE "lithe"
| #define PACKAGE "lithe"
| #define PACKAGE "lithe"
| #define VERSION "1.0"
| #define VERSION "1.0"
| #define VERSION "1.0"
| /* end confdefs.h.  */
| 
| int
| main ()
| {
| 
|   ;
|   return 0;
| }
configure:3708: gcc -c conftest.c -o conftest2.o
configure:3558: gcc -c -g  conftest.c >&5
configure:3711: $? = 0
configure:3708: gcc -c conftest.c -o conftest2.o
configure:3711: $? = 0
configure:3708: gcc -c conftest.c -o conftest2.o
configure:3558: $? = 0
cc1: fatal error: conftest.c: No such file or directory
compilation terminated.
cc1: fatal error: conftest.c: No such file or directory
compilation terminated.
configure:3568: result: yes
configure:3711: $? = 1
configure:3585: checking for gcc option to accept ISO C89
configure:3711: $? = 1
configure:3723: result: no
configure:3743: checking whether make supports the include directive
configure:3723: result: no
configure:3743: checking whether make supports the include directive
configure:3648: gcc  -c -O2 -g -fno-omit-frame-pointer  conftest.c >&5
configure:3758: make -f confmf.GNU && cat confinc.out
configure:3758: make -f confmf.GNU && cat confinc.out
this is the am__doit target
this is the am__doit target
configure:3761: $? = 0
configure:3761: $? = 0
cc1: fatal error: conftest.c: No such file or directory
compilation terminated.
configure:3780: result: yes (GNU style)
configure:3780: result: yes (GNU style)
configure:3805: checking dependency style of /p/lustre5/evans117/lithe-docker/src/lithe/build-aux/compile gcc
configure:3805: checking dependency style of /p/lustre5/evans117/lithe-docker/src/lithe/build-aux/compile gcc
configure:3648: $? = 1
configure: failed program was:
configure:3648: gcc -qlanglvl=extc89 -c -O2 -g -fno-omit-frame-pointer  conftest.c >&5
gcc: error: unrecognized command-line option '-qlanglvl=extc89'
configure:3648: $? = 1
configure: failed program was:
configure:3648: gcc -qlanglvl=ansi -c -O2 -g -fno-omit-frame-pointer  conftest.c >&5
gcc: error: unrecognized command-line option '-qlanglvl=ansi'
configure:3648: $? = 1
configure: failed program was:
configure:3648: gcc -std -c -O2 -g -fno-omit-frame-pointer  conftest.c >&5
gcc: error: unrecognized command-line option '-std'
configure:3648: $? = 1
configure: failed program was:
configure:3648: gcc -Ae -c -O2 -g -fno-omit-frame-pointer  conftest.c >&5
cc1: fatal error: conftest.c: No such file or directory
compilation terminated.
configure:3648: $? = 1
configure: failed program was:
configure:3648: gcc -Aa -D_HPUX_SOURCE -c -O2 -g -fno-omit-frame-pointer  conftest.c >&5
cc1: fatal error: conftest.c: No such file or directory
compilation terminated.
configure:3648: $? = 1
configure: failed program was:
configure:3648: gcc -Xc -D__EXTENSIONS__ -c -O2 -g -fno-omit-frame-pointer  conftest.c >&5
gcc: error: unrecognized command-line option '-Xc'; did you mean '-X'?
configure:3648: $? = 1
configure: failed program was:
configure:3664: result: unsupported
configure:3686: checking whether gcc understands -c and -o together
configure:3708: gcc -c conftest.c -o conftest2.o
configure:3711: $? = 0
configure:3708: gcc -c conftest.c -o conftest2.o
configure:3711: $? = 0
configure:3723: result: yes
configure:3743: checking whether make supports the include directive
configure:3916: result: gcc3
configure:3991: checking for g++
configure:4007: found /usr/tce/bin/g++
configure:4018: result: g++
configure:4045: checking for C++ compiler version
configure:4054: g++ --version >&5
configure:3758: make -f confmf.GNU && cat confinc.out
g++ (GCC) 13.3.1 20240611 (Red Hat 13.3.1-2)
Copyright (C) 2023 Free Software Foundation, Inc.
This is free software; see the source for copying conditions.  There is NO
warranty; not even for MERCHANTABILITY or FITNESS FOR A PARTICULAR PURPOSE.

configure:4065: $? = 0
configure:4054: g++ -v >&5
this is the am__doit target
configure:3761: $? = 0
configure:3780: result: yes (GNU style)
configure:3805: checking dependency style of gcc
Using built-in specs.
COLLECT_GCC=/usr/tce/packages/gcc/gcc-13.3.1/bin/g++
COLLECT_LTO_WRAPPER=/collab/usr/global/tools/tce4/packages/gcc/gcc-13.3.1/bin/../libexec/gcc/x86_64-redhat-linux/13/lto-wrapper
OFFLOAD_TARGET_NAMES=nvptx-none
OFFLOAD_TARGET_DEFAULT=1
Target: x86_64-redhat-linux
Configured with: ../configure --enable-bootstrap --enable-languages=c,c++,fortran,lto --prefix=/opt/rh/gcc-toolset-13/root/usr --mandir=/opt/rh/gcc-toolset-13/root/usr/share/man --infodir=/opt/rh/gcc-toolset-13/root/usr/share/info --with-bugurl=http://bugzilla.redhat.com/bugzilla --enable-shared --enable-threads=posix --enable-checking=release --enable-multilib --with-system-zlib --enable-__cxa_atexit --disable-libunwind-exceptions --enable-gnu-unique-object --enable-linker-build-id --with-gcc-major-version-only --enable-libstdcxx-backtrace --with-libstdcxx-zoneinfo=/usr/share/zoneinfo --with-linker-hash-style=gnu --enable-plugin --enable-initfini-array --with-isl=/builddir/build/BUILD/gcc-13.3.1-20240611/obj-x86_64-redhat-linux/isl-install --enable-offload-targets=nvptx-none --without-cuda-driver --enable-offload-defaulted --enable-gnu-indirect-function --enable-cet --with-tune=generic --with-arch_32=x86-64 --build=x86_64-redhat-linux
Thread model: posix
Supported LTO compression algorithms: zlib zstd
gcc version 13.3.1 20240611 (Red Hat 13.3.1-2) (GCC) 
... rest of stderr output deleted ...
configure:4065: $? = 0
configure:4054: g++ -V >&5
g++: error: unrecognized command-line option '-V'
configure:4065: $? = 1
configure:4054: g++ -qversion >&5
g++ (GCC) 13.3.1 20240611 (Red Hat 13.3.1-2)
Copyright (C) 2023 Free Software Foundation, Inc.
This is free software; see the source for copying conditions.  There is NO
warranty; not even for MERCHANTABILITY or FITNESS FOR A PARTICULAR PURPOSE.

configure:4065: $? = 0
configure:4069: checking whether we are using the GNU C++ compiler
configure:4088: g++ -c -O2 -g -fno-omit-frame-pointer  conftest.cpp >&5
configure:4088: $? = 0
configure:4097: result: yes
configure:4106: checking whether g++ accepts -g
configure:4126: g++ -c -g  conftest.cpp >&5
configure:3916: result: gcc3
configure:3991: checking for g++
configure:4007: found /usr/tce/bin/g++
configure:4018: result: g++
configure:4045: checking for C++ compiler version
configure:4054: g++ --version >&5
configure:4126: $? = 0
configure:4167: result: yes
configure:4192: checking dependency style of g++
g++ (GCC) 13.3.1 20240611 (Red Hat 13.3.1-2)
Copyright (C) 2023 Free Software Foundation, Inc.
This is free software; see the source for copying conditions.  There is NO
warranty; not even for MERCHANTABILITY or FITNESS FOR A PARTICULAR PURPOSE.

configure:4065: $? = 0
configure:4054: g++ -v >&5
Using built-in specs.
COLLECT_GCC=/usr/tce/packages/gcc/gcc-13.3.1/bin/g++
COLLECT_LTO_WRAPPER=/collab/usr/global/tools/tce4/packages/gcc/gcc-13.3.1/bin/../libexec/gcc/x86_64-redhat-linux/13/lto-wrapper
OFFLOAD_TARGET_NAMES=nvptx-none
OFFLOAD_TARGET_DEFAULT=1
Target: x86_64-redhat-linux
Configured with: ../configure --enable-bootstrap --enable-languages=c,c++,fortran,lto --prefix=/opt/rh/gcc-toolset-13/root/usr --mandir=/opt/rh/gcc-toolset-13/root/usr/share/man --infodir=/opt/rh/gcc-toolset-13/root/usr/share/info --with-bugurl=http://bugzilla.redhat.com/bugzilla --enable-shared --enable-threads=posix --enable-checking=release --enable-multilib --with-system-zlib --enable-__cxa_atexit --disable-libunwind-exceptions --enable-gnu-unique-object --enable-linker-build-id --with-gcc-major-version-only --enable-libstdcxx-backtrace --with-libstdcxx-zoneinfo=/usr/share/zoneinfo --with-linker-hash-style=gnu --enable-plugin --enable-initfini-array --with-isl=/builddir/build/BUILD/gcc-13.3.1-20240611/obj-x86_64-redhat-linux/isl-install --enable-offload-targets=nvptx-none --without-cuda-driver --enable-offload-defaulted --enable-gnu-indirect-function --enable-cet --with-tune=generic --with-arch_32=x86-64 --build=x86_64-redhat-linux
Thread model: posix
Supported LTO compression algorithms: zlib zstd
gcc version 13.3.1 20240611 (Red Hat 13.3.1-2) (GCC) 
... rest of stderr output deleted ...
configure:4065: $? = 0
configure:4054: g++ -V >&5
g++: error: unrecognized command-line option '-V'
configure:4065: $? = 1
configure:4054: g++ -qversion >&5
g++ (GCC) 13.3.1 20240611 (Red Hat 13.3.1-2)
Copyright (C) 2023 Free Software Foundation, Inc.
This is free software; see the source for copying conditions.  There is NO
warranty; not even for MERCHANTABILITY or FITNESS FOR A PARTICULAR PURPOSE.

configure:4065: $? = 0
configure:4069: checking whether we are using the GNU C++ compiler
configure:4088: g++ -c -O2 -g -fno-omit-frame-pointer  conftest.cpp >&5
configure:4088: $? = 0
configure:4097: result: yes
configure:4106: checking whether g++ accepts -g
configure:4126: g++ -c -g  conftest.cpp >&5
configure:4303: result: gcc3
configure:4352: checking build system type
configure:4126: $? = 0
configure:4167: result: yes
configure:4192: checking dependency style of g++
configure:4303: result: gcc3
configure:4352: checking build system type
configure:4366: result: x86_64-pc-linux-gnu
configure:4386: checking host system type
configure:4399: result: x86_64-pc-linux-gnu
configure:4440: checking how to print strings
configure:4467: result: printf
configure:4488: checking for a sed that does not truncate output
configure:4552: result: /usr/bin/sed
configure:4570: checking for grep that handles long lines and -e
configure:4628: result: /usr/bin/grep
configure:4633: checking for egrep
configure:4695: result: /usr/bin/grep -E
configure:4700: checking for fgrep
configure:4762: result: /usr/bin/grep -F
configure:4797: checking for ld used by /p/lustre5/evans117/lithe-docker/src/lithe/build-aux/compile gcc
configure:4864: result: /collab/usr/global/tools/tce4/packages/gcc/gcc-13.3.1/libexec/gcc/x86_64-redhat-linux/13/ld
configure:4871: checking if the linker (/collab/usr/global/tools/tce4/packages/gcc/gcc-13.3.1/libexec/gcc/x86_64-redhat-linux/13/ld) is GNU ld
configure:4886: result: yes
configure:4898: checking for BSD- or MS-compatible name lister (nm)
configure:4952: result: /opt/cray/pe/cce/20.0.0/binutils/x86_64/x86_64-pc-linux-gnu/bin/nm -B
configure:5082: checking the name lister (/opt/cray/pe/cce/20.0.0/binutils/x86_64/x86_64-pc-linux-gnu/bin/nm -B) interface
configure:5089: /p/lustre5/evans117/lithe-docker/src/lithe/build-aux/compile gcc -c -O2 -g -fno-omit-frame-pointer  conftest.c >&5
configure:5092: /opt/cray/pe/cce/20.0.0/binutils/x86_64/x86_64-pc-linux-gnu/bin/nm -B "conftest.o"
configure:5095: output
0000000000000000 B some_variable
configure:5102: result: BSD nm
configure:5105: checking whether ln -s works
configure:5109: result: yes
configure:5117: checking the maximum length of command line arguments
configure:4366: result: x86_64-pc-linux-gnu
configure:4386: checking host system type
configure:4399: result: x86_64-pc-linux-gnu
configure:4440: checking how to print strings
configure:4467: result: printf
configure:4488: checking for a sed that does not truncate output
configure:5248: result: 3458764513820540925
configure:5296: checking how to convert x86_64-pc-linux-gnu file names to x86_64-pc-linux-gnu format
configure:5336: result: func_convert_file_noop
configure:5343: checking how to convert x86_64-pc-linux-gnu file names to toolchain format
configure:5363: result: func_convert_file_noop
configure:5370: checking for /collab/usr/global/tools/tce4/packages/gcc/gcc-13.3.1/libexec/gcc/x86_64-redhat-linux/13/ld option to reload object files
configure:4552: result: /usr/bin/sed
configure:5377: result: -r
configure:5451: checking for objdump
configure:4570: checking for grep that handles long lines and -e
configure:5467: found /opt/cray/pe/cce/20.0.0/binutils/x86_64/x86_64-pc-linux-gnu/bin/objdump
configure:5478: result: objdump
configure:5510: checking how to recognize dependent libraries
configure:5710: result: pass_all
configure:5795: checking for dlltool
configure:4628: result: /usr/bin/grep
configure:4633: checking for egrep
configure:5825: result: no
configure:5855: checking how to associate runtime and link libraries
configure:5882: result: printf %s\n
configure:5943: checking for ar
configure:4695: result: /usr/bin/grep -E
configure:4700: checking for fgrep
configure:5959: found /opt/cray/pe/cce/20.0.0/binutils/x86_64/x86_64-pc-linux-gnu/bin/ar
configure:5970: result: ar
configure:6007: checking for archiver @FILE support
configure:4762: result: /usr/bin/grep -F
configure:4830: checking for non-GNU ld
configure:6024: /p/lustre5/evans117/lithe-docker/src/lithe/build-aux/compile gcc -c -O2 -g -fno-omit-frame-pointer  conftest.c >&5
configure:4864: result: /usr/bin/ld
configure:4871: checking if the linker (/usr/bin/ld) is GNU ld
configure:4886: result: yes
configure:4898: checking for BSD- or MS-compatible name lister (nm)
configure:4952: result: /opt/cray/pe/cce/20.0.0/binutils/x86_64/x86_64-pc-linux-gnu/bin/nm -B
configure:5082: checking the name lister (/opt/cray/pe/cce/20.0.0/binutils/x86_64/x86_64-pc-linux-gnu/bin/nm -B) interface
configure:5089: gcc -c -O2 -g -fno-omit-frame-pointer  conftest.c >&5
configure:6024: $? = 0
configure:6027: ar cru libconftest.a @conftest.lst >&5
configure:6030: $? = 0
configure:6035: ar cru libconftest.a @conftest.lst >&5
configure:5092: /opt/cray/pe/cce/20.0.0/binutils/x86_64/x86_64-pc-linux-gnu/bin/nm -B "conftest.o"
ar: conftest.o: No such file or directory
configure:6038: $? = 1
configure:5095: output
configure:6050: result: @
configure:6108: checking for strip
configure:6124: found /opt/cray/pe/cce/20.0.0/binutils/x86_64/x86_64-pc-linux-gnu/bin/strip
configure:6135: result: strip
configure:6207: checking for ranlib
configure:6223: found /opt/cray/pe/cce/20.0.0/binutils/x86_64/x86_64-pc-linux-gnu/bin/ranlib
configure:5102: result: BSD nm
configure:6234: result: ranlib
configure:5105: checking whether ln -s works
configure:6336: checking command to parse /opt/cray/pe/cce/20.0.0/binutils/x86_64/x86_64-pc-linux-gnu/bin/nm -B output from /p/lustre5/evans117/lithe-docker/src/lithe/build-aux/compile gcc object
configure:5109: result: yes
configure:5117: checking the maximum length of command line arguments
configure:6489: /p/lustre5/evans117/lithe-docker/src/lithe/build-aux/compile gcc -c -O2 -g -fno-omit-frame-pointer  conftest.c >&5
configure:5248: result: 3458764513820540925
configure:5296: checking how to convert x86_64-pc-linux-gnu file names to x86_64-pc-linux-gnu format
configure:5336: result: func_convert_file_noop
configure:5343: checking how to convert x86_64-pc-linux-gnu file names to toolchain format
configure:5363: result: func_convert_file_noop
configure:5370: checking for /usr/bin/ld option to reload object files
configure:5377: result: -r
configure:5451: checking for objdump
configure:5467: found /opt/cray/pe/cce/20.0.0/binutils/x86_64/x86_64-pc-linux-gnu/bin/objdump
configure:5478: result: objdump
configure:5510: checking how to recognize dependent libraries
configure:5710: result: pass_all
configure:5795: checking for dlltool
configure:5825: result: no
configure:5855: checking how to associate runtime and link libraries
configure:5882: result: printf %s\n
configure:5943: checking for ar
configure:5959: found /opt/cray/pe/cce/20.0.0/binutils/x86_64/x86_64-pc-linux-gnu/bin/ar
configure:5970: result: ar
configure:6007: checking for archiver @FILE support
configure:6024: gcc -c -O2 -g -fno-omit-frame-pointer  conftest.c >&5
configure:6492: $? = 0
configure:6496: /opt/cray/pe/cce/20.0.0/binutils/x86_64/x86_64-pc-linux-gnu/bin/nm -B conftest.o \| sed -n -e 's/^.*[ ]\([ABCDGIRSTW][ABCDGIRSTW]*\)[ ][ ]*\([_A-Za-z][_A-Za-z0-9]*\)$/\1 \2 \2/p' | sed '/ __gnu_lto/d' \> conftest.nm
configure:6499: $? = 0
configure:6024: $? = 0
configure:6027: ar cru libconftest.a @conftest.lst >&5
configure:6030: $? = 0
configure:6035: ar cru libconftest.a @conftest.lst >&5
ar: conftest.o: No such file or directory
configure:6038: $? = 1
configure:6050: result: @
configure:6108: checking for strip
configure:6124: found /opt/cray/pe/cce/20.0.0/binutils/x86_64/x86_64-pc-linux-gnu/bin/strip
configure:6135: result: strip
configure:6207: checking for ranlib
configure:6223: found /opt/cray/pe/cce/20.0.0/binutils/x86_64/x86_64-pc-linux-gnu/bin/ranlib
configure:6234: result: ranlib
configure:6565: /p/lustre5/evans117/lithe-docker/src/lithe/build-aux/compile gcc -o conftest -O2 -g -fno-omit-frame-pointer   -L/p/lustre5/evans117/lithe-docker/install-lithe/lib conftest.c conftstm.o >&5
configure:6336: checking command to parse /opt/cray/pe/cce/20.0.0/binutils/x86_64/x86_64-pc-linux-gnu/bin/nm -B output from gcc object
configure:6489: gcc -c -O2 -g -fno-omit-frame-pointer  conftest.c >&5
/collab/usr/global/tools/tce4/packages/gcc/gcc-13.3.1/bin/../libexec/gcc/x86_64-redhat-linux/13/ldconfigure:6492: $? = 0
: cannot find conftstm.oconfigure:6496: /opt/cray/pe/cce/20.0.0/binutils/x86_64/x86_64-pc-linux-gnu/bin/nm -B conftest.o \| sed -n -e 's/^.*[ ]\([ABCDGIRSTW][ABCDGIRSTW]*\)[ ][ ]*\([_A-Za-z][_A-Za-z0-9]*\)$/\1 \2 \2/p' | sed '/ __gnu_lto/d' \> conftest.nm
: No such file or directory
collect2: error: ld returned 1 exit status
configure:6499: $? = 0
configure:6568: $? = 1
configure:6489: /p/lustre5/evans117/lithe-docker/src/lithe/build-aux/compile gcc -c -O2 -g -fno-omit-frame-pointer  conftest.c >&5
cannot find nm_test_var in conftest.nm
configure:6489: gcc -c -O2 -g -fno-omit-frame-pointer  conftest.c >&5
configure:6492: $? = 0
configure:6496: /opt/cray/pe/cce/20.0.0/binutils/x86_64/x86_64-pc-linux-gnu/bin/nm -B conftest.o \| sed -n -e 's/^.*[ ]\([ABCDGIRSTW][ABCDGIRSTW]*\)[ ][ ]*_\([_A-Za-z][_A-Za-z0-9]*\)$/\1 _\2 \2/p' | sed '/ __gnu_lto/d' \> conftest.nm
configure:6499: $? = 0
cannot run sed -n -e 's/^.*[	 ]\([ABCDGIRSTW][ABCDGIRSTW]*\)[	 ][	 ]*_\([_A-Za-z][_A-Za-z0-9]*\)$/\1 _\2 \2/p' | sed '/ __gnu_lto/d'
configure:6603: result: failed
configure:6653: checking for sysroot
configure:6683: result: no
configure:6492: $? = 0
configure:6690: checking for a working dd
configure:6496: /opt/cray/pe/cce/20.0.0/binutils/x86_64/x86_64-pc-linux-gnu/bin/nm -B conftest.o \| sed -n -e 's/^.*[ ]\([ABCDGIRSTW][ABCDGIRSTW]*\)[ ][ ]*_\([_A-Za-z][_A-Za-z0-9]*\)$/\1 _\2 \2/p' | sed '/ __gnu_lto/d' \> conftest.nm
configure:6499: $? = 0
cannot run sed -n -e 's/^.*[	 ]\([ABCDGIRSTW][ABCDGIRSTW]*\)[	 ][	 ]*_\([_A-Za-z][_A-Za-z0-9]*\)$/\1 _\2 \2/p' | sed '/ __gnu_lto/d'
configure:6603: result: failed
configure:6728: result: 
configure:6732: checking how to truncate binary pipes
configure:6653: checking for sysroot
configure:6683: result: no
configure:6690: checking for a working dd
configure:6747: result: /usr/bin/sed -e 4q
configure:6883: /p/lustre5/evans117/lithe-docker/src/lithe/build-aux/compile gcc -c -O2 -g -fno-omit-frame-pointer  conftest.c >&5
configure:6728: result: 
configure:6732: checking how to truncate binary pipes
configure:6747: result: /usr/bin/sed -e 4q
configure:6883: gcc -c -O2 -g -fno-omit-frame-pointer  conftest.c >&5
configure:6886: $? = 0
configure:7076: checking for mt
configure:7092: found /usr/bin/mt
configure:7103: result: mt
configure:7126: checking if mt is a manifest tool
configure:7132: mt '-?'
configure:6886: $? = 0
usage: mt [-v] [--version] [-h] [ -f device ] command [ count ]
configure:7076: checking for mt
configure:7092: found /usr/bin/mt
configure:7140: result: no
configure:7103: result: mt
configure:7126: checking if mt is a manifest tool
configure:7817: checking how to run the C preprocessor
configure:7132: mt '-?'
configure:7848: /p/lustre5/evans117/lithe-docker/src/lithe/build-aux/compile gcc -E  conftest.c
configure:7140: result: no
configure:7817: checking how to run the C preprocessor
configure:7848: gcc -E  conftest.c
configure:7848: $? = 0
configure:7862: /p/lustre5/evans117/lithe-docker/src/lithe/build-aux/compile gcc -E  conftest.c
configure:7848: $? = 0
configure:7862: gcc -E  conftest.c
configure:7862: $? = 1
configure: failed program was:
| /* confdefs.h */
| #define PACKAGE_NAME "Lithe"
| #define PACKAGE_NAME "Lithe"
| #define PACKAGE_NAME "Lithe"
| #define PACKAGE_TARNAME "lithe"
| #define PACKAGE_TARNAME "lithe"
| #define PACKAGE_TARNAME "lithe"
| #define PACKAGE_VERSION "1.0"
| #define PACKAGE_VERSION "1.0"
| #define PACKAGE_VERSION "1.0"
| #define PACKAGE_STRING "Lithe 1.0"
| #define PACKAGE_STRING "Lithe 1.0"
| #define PACKAGE_STRING "Lithe 1.0"
| #define PACKAGE_BUGREPORT "klueska@cs.berkeley.edu"
| #define PACKAGE_BUGREPORT "klueska@cs.berkeley.edu"
| #define PACKAGE_BUGREPORT "klueska@cs.berkeley.edu"
| #define PACKAGE_URL ""
| #define PACKAGE_URL ""
| #define PACKAGE_URL ""
| #define PACKAGE "lithe"
| #define PACKAGE "lithe"
| #define PACKAGE "lithe"
| #define VERSION "1.0"
| #define VERSION "1.0"
| #define VERSION "1.0"
| /* end confdefs.h.  */
| #include <ac_nonexistent.h>
configure:7887: result: /p/lustre5/evans117/lithe-docker/src/lithe/build-aux/compile gcc -E
configure:7862: $? = 1
configure: failed program was:
configure:7907: /p/lustre5/evans117/lithe-docker/src/lithe/build-aux/compile gcc -E  conftest.c
| /* confdefs.h */
| #define PACKAGE_NAME "Lithe"
| #define PACKAGE_NAME "Lithe"
| #define PACKAGE_NAME "Lithe"
| #define PACKAGE_TARNAME "lithe"
| #define PACKAGE_TARNAME "lithe"
| #define PACKAGE_TARNAME "lithe"
| #define PACKAGE_VERSION "1.0"
| #define PACKAGE_VERSION "1.0"
| #define PACKAGE_VERSION "1.0"
| #define PACKAGE_STRING "Lithe 1.0"
| #define PACKAGE_STRING "Lithe 1.0"
| #define PACKAGE_STRING "Lithe 1.0"
| #define PACKAGE_BUGREPORT "klueska@cs.berkeley.edu"
| #define PACKAGE_BUGREPORT "klueska@cs.berkeley.edu"
| #define PACKAGE_BUGREPORT "klueska@cs.berkeley.edu"
| #define PACKAGE_URL ""
| #define PACKAGE_URL ""
| #define PACKAGE_URL ""
| #define PACKAGE "lithe"
| #define PACKAGE "lithe"
| #define PACKAGE "lithe"
| #define VERSION "1.0"
| #define VERSION "1.0"
| #define VERSION "1.0"
| /* end confdefs.h.  */
| #ifdef __STDC__
| # include <limits.h>
| #else
| # include <assert.h>
| #endif
| 		     Syntax error
configure:7887: result: gcc -E
configure:7907: gcc -E  conftest.c
configure:7907: $? = 0
configure:7907: $? = 0
configure:7921: /p/lustre5/evans117/lithe-docker/src/lithe/build-aux/compile gcc -E  conftest.c
configure:7921: gcc -E  conftest.c
configure:7921: $? = 1
configure: failed program was:
| /* confdefs.h */
| #define PACKAGE_NAME "Lithe"
| #define PACKAGE_NAME "Lithe"
| #define PACKAGE_NAME "Lithe"
| #define PACKAGE_TARNAME "lithe"
| #define PACKAGE_TARNAME "lithe"
| #define PACKAGE_TARNAME "lithe"
| #define PACKAGE_VERSION "1.0"
| #define PACKAGE_VERSION "1.0"
| #define PACKAGE_VERSION "1.0"
| #define PACKAGE_STRING "Lithe 1.0"
| #define PACKAGE_STRING "Lithe 1.0"
| #define PACKAGE_STRING "Lithe 1.0"
| #define PACKAGE_BUGREPORT "klueska@cs.berkeley.edu"
| #define PACKAGE_BUGREPORT "klueska@cs.berkeley.edu"
| #define PACKAGE_BUGREPORT "klueska@cs.berkeley.edu"
| #define PACKAGE_URL ""
| #define PACKAGE_URL ""
| #define PACKAGE_URL ""
| #define PACKAGE "lithe"
| #define PACKAGE "lithe"
| #define PACKAGE "lithe"
| #define VERSION "1.0"
| #define VERSION "1.0"
| #define VERSION "1.0"
| /* end confdefs.h.  */
| #include <ac_nonexistent.h>
configure:7950: checking for ANSI C header files
configure:7921: $? = 1
configure: failed program was:
| /* confdefs.h */
| #define PACKAGE_NAME "Lithe"
| #define PACKAGE_NAME "Lithe"
| #define PACKAGE_NAME "Lithe"
| #define PACKAGE_TARNAME "lithe"
| #define PACKAGE_TARNAME "lithe"
| #define PACKAGE_TARNAME "lithe"
| #define PACKAGE_VERSION "1.0"
| #define PACKAGE_VERSION "1.0"
| #define PACKAGE_VERSION "1.0"
| #define PACKAGE_STRING "Lithe 1.0"
| #define PACKAGE_STRING "Lithe 1.0"
| #define PACKAGE_STRING "Lithe 1.0"
| #define PACKAGE_BUGREPORT "klueska@cs.berkeley.edu"
| #define PACKAGE_BUGREPORT "klueska@cs.berkeley.edu"
| #define PACKAGE_BUGREPORT "klueska@cs.berkeley.edu"
| #define PACKAGE_URL ""
| #define PACKAGE_URL ""
| #define PACKAGE_URL ""
| #define PACKAGE "lithe"
| #define PACKAGE "lithe"
| #define PACKAGE "lithe"
| #define VERSION "1.0"
| #define VERSION "1.0"
| #define VERSION "1.0"
| /* end confdefs.h.  */
| #include <stdlib.h>
| #include <stdarg.h>
| #include <string.h>
| #include <float.h>
| 
| int
| main ()
| {
| 
|   ;
|   return 0;
| }
configure:7970: /p/lustre5/evans117/lithe-docker/src/lithe/build-aux/compile gcc -c -O2 -g -fno-omit-frame-pointer  conftest.c >&5
configure:7950: checking for ANSI C header files
configure:7970: gcc -c -O2 -g -fno-omit-frame-pointer  conftest.c >&5
configure:7970: $? = 0
configure:7970: $? = 0
configure:8043: /p/lustre5/evans117/lithe-docker/src/lithe/build-aux/compile gcc -o conftest -O2 -g -fno-omit-frame-pointer   -L/p/lustre5/evans117/lithe-docker/install-lithe/lib conftest.c  -lvcore_stub >&5
configure:8043: gcc -o conftest -O2 -g -fno-omit-frame-pointer   -L/p/lustre5/evans117/lithe-docker/install-lithe/lib conftest.c  -lvcore_stub >&5
configure:8043: $? = 0
configure:8043: ./conftest
configure:8043: $? = 0
configure:8043: ./conftest
configure:8043: $? = 0
configure:8043: $? = 0
configure:8054: result: yes
configure:8054: result: yes
configure:8067: checking for sys/types.h
configure:8067: checking for sys/types.h
configure:8067: /p/lustre5/evans117/lithe-docker/src/lithe/build-aux/compile gcc -c -O2 -g -fno-omit-frame-pointer  conftest.c >&5
configure:8067: gcc -c -O2 -g -fno-omit-frame-pointer  conftest.c >&5
configure:8067: $? = 0
configure:8067: $? = 0
configure:8067: result: yes
configure:8067: result: yes
configure:8067: checking for sys/stat.h
configure:8067: checking for sys/stat.h
configure:8067: gcc -c -O2 -g -fno-omit-frame-pointer  conftest.c >&5
configure:8067: /p/lustre5/evans117/lithe-docker/src/lithe/build-aux/compile gcc -c -O2 -g -fno-omit-frame-pointer  conftest.c >&5
configure:8067: $? = 0
configure: failed program was:
configure:8067: $? = 0
| /* confdefs.h */
| #define PACKAGE_NAME "Lithe"
| #define PACKAGE_NAME "Lithe"
| #define PACKAGE_NAME "Lithe"
| #define PACKAGE_TARNAME "lithe"
| #define PACKAGE_TARNAME "lithe"
| #define PACKAGE_TARNAME "lithe"
| #define PACKAGE_VERSION "1.0"
| #define PACKAGE_VERSION "1.0"
| #define PACKAGE_VERSION "1.0"
| #define PACKAGE_STRING "Lithe 1.0"
| #define PACKAGE_STRING "Lithe 1.0"
| #define PACKAGE_STRING "Lithe 1.0"
| #define PACKAGE_BUGREPORT "klueska@cs.berkeley.edu"
| #define PACKAGE_BUGREPORT "klueska@cs.berkeley.edu"
| #define PACKAGE_BUGREPORT "klueska@cs.berkeley.edu"
| #define PACKAGE_URL ""
| #define PACKAGE_URL ""
| #define PACKAGE_URL ""
| #define PACKAGE "lithe"
| #define PACKAGE "lithe"
| #define PACKAGE "lithe"
| #define VERSION "1.0"
| #define VERSION "1.0"
| #define VERSION "1.0"
| #define STDC_HEADERS 1
| #define STDC_HEADERS 1
| #define HAVE_SYS_TYPES_H 1
| #define HAVE_SYS_TYPES_H 1
| /* end confdefs.h.  */
| #include <stdio.h>
| #ifdef HAVE_SYS_TYPES_H
| # include <sys/types.h>
| #endif
| #ifdef HAVE_SYS_STAT_H
| # include <sys/stat.h>
| #endif
| #ifdef STDC_HEADERS
| # include <stdlib.h>
| # include <stddef.h>
| #else
| # ifdef HAVE_STDLIB_H
| #  include <stdlib.h>
| # endif
| #endif
| #ifdef HAVE_STRING_H
| # if !defined STDC_HEADERS && defined HAVE_MEMORY_H
| #  include <memory.h>
| # endif
| # include <string.h>
| #endif
| #ifdef HAVE_STRINGS_H
| # include <strings.h>
| #endif
| #ifdef HAVE_INTTYPES_H
| # include <inttypes.h>
| #endif
| #ifdef HAVE_STDINT_H
| # include <stdint.h>
| #endif
| #ifdef HAVE_UNISTD_H
| # include <unistd.h>
| #endif
| 
| #include <sys/stat.h>
configure:8067: result: yes
configure:8067: result: no
configure:8067: checking for stdlib.h
configure:8067: gcc -c -O2 -g -fno-omit-frame-pointer  conftest.c >&5
configure:8067: checking for stdlib.h
configure:8067: /p/lustre5/evans117/lithe-docker/src/lithe/build-aux/compile gcc -c -O2 -g -fno-omit-frame-pointer  conftest.c >&5
configure:8067: $? = 0
configure:8067: result: yes
configure:8067: $? = 0
configure:8067: result: yes
configure:8067: checking for string.h
configure:8067: gcc -c -O2 -g -fno-omit-frame-pointer  conftest.c >&5
configure:8067: checking for string.h
configure:8067: /p/lustre5/evans117/lithe-docker/src/lithe/build-aux/compile gcc -c -O2 -g -fno-omit-frame-pointer  conftest.c >&5
configure:8067: $? = 0
configure:8067: result: yes
configure:8067: $? = 0
configure:8067: result: yes
configure:8067: checking for memory.h
configure:8067: gcc -c -O2 -g -fno-omit-frame-pointer  conftest.c >&5
configure:8067: checking for memory.h
configure:8067: /p/lustre5/evans117/lithe-docker/src/lithe/build-aux/compile gcc -c -O2 -g -fno-omit-frame-pointer  conftest.c >&5
configure:8067: $? = 0
configure:8067: result: yes
configure:8067: $? = 0
configure:8067: result: yes
configure:8067: checking for strings.h
configure:8067: gcc -c -O2 -g -fno-omit-frame-pointer  conftest.c >&5
configure:8067: checking for strings.h
configure:8067: /p/lustre5/evans117/lithe-docker/src/lithe/build-aux/compile gcc -c -O2 -g -fno-omit-frame-pointer  conftest.c >&5
configure:8067: $? = 0
configure:8067: result: yes
configure:8067: $? = 0
configure:8067: checking for inttypes.h
configure:8067: result: yes
configure:8067: gcc -c -O2 -g -fno-omit-frame-pointer  conftest.c >&5
configure:8067: checking for inttypes.h
configure:8067: /p/lustre5/evans117/lithe-docker/src/lithe/build-aux/compile gcc -c -O2 -g -fno-omit-frame-pointer  conftest.c >&5
configure:8067: $? = 0
configure:8067: result: yes
configure:8067: $? = 1
configure: failed program was:
configure:8067: result: no
configure:8067: checking for stdint.h
configure:8067: checking for stdint.h
configure:8067: gcc -c -O2 -g -fno-omit-frame-pointer  conftest.c >&5
configure:8067: /p/lustre5/evans117/lithe-docker/src/lithe/build-aux/compile gcc -c -O2 -g -fno-omit-frame-pointer  conftest.c >&5
configure:8067: $? = 0
configure:8067: result: yes
configure:8067: $? = 0
configure: failed program was:
configure:8067: result: no
configure:8067: checking for unistd.h
configure:8067: checking for unistd.h
configure:8067: /p/lustre5/evans117/lithe-docker/src/lithe/build-aux/compile gcc -c -O2 -g -fno-omit-frame-pointer  conftest.c >&5
configure:8067: gcc -c -O2 -g -fno-omit-frame-pointer  conftest.c >&5
configure:8067: $? = 0
configure:8067: $? = 0
configure:8067: result: yes
configure:8067: result: yes
configure:8081: checking for dlfcn.h
configure:8081: checking for dlfcn.h
configure:8081: gcc -c -O2 -g -fno-omit-frame-pointer  conftest.c >&5
configure:8081: /p/lustre5/evans117/lithe-docker/src/lithe/build-aux/compile gcc -c -O2 -g -fno-omit-frame-pointer  conftest.c >&5
configure:8081: $? = 0
configure:8081: result: yes
configure:8081: $? = 0
configure: failed program was:
configure:8348: checking for objdir
configure:8081: result: no
configure:8348: checking for objdir
configure:8363: result: .libs
configure:8363: result: .libs
configure:9020: checking for gcc option to produce PIC
configure:9027: result:  -DPIC
configure:9035: checking if gcc PIC flag  -DPIC works
configure:8627: checking if /p/lustre5/evans117/lithe-docker/src/lithe/build-aux/compile gcc supports -fno-rtti -fno-exceptions
configure:9053: gcc -c -O2 -g -fno-omit-frame-pointer   -DPIC -DPIC conftest.c >&5
configure:8645: /p/lustre5/evans117/lithe-docker/src/lithe/build-aux/compile gcc -c -O2 -g -fno-omit-frame-pointer  -fno-rtti -fno-exceptions conftest.c >&5
cc1: warning: command-line option '-fno-rtti' is valid for C++/D/ObjC++ but not for C
configure:9057: $? = 0
cc1: warning: command-line option '-fno-rtti' is valid for C++/D/ObjC++ but not for C
configure:8649: $? = 0
configure:9070: result: no
configure:8662: result: no
configure:9099: checking if gcc static flag  works
configure:9020: checking for /p/lustre5/evans117/lithe-docker/src/lithe/build-aux/compile gcc option to produce PIC
configure:9027: result: -fPIC -DPIC
configure:9035: checking if /p/lustre5/evans117/lithe-docker/src/lithe/build-aux/compile gcc PIC flag -fPIC -DPIC works
configure:9053: /p/lustre5/evans117/lithe-docker/src/lithe/build-aux/compile gcc -c -O2 -g -fno-omit-frame-pointer  -fPIC -DPIC -DPIC conftest.c >&5
configure:9057: $? = 0
configure:9070: result: yes
configure:9099: checking if /p/lustre5/evans117/lithe-docker/src/lithe/build-aux/compile gcc static flag -static works
configure:9127: result: no
configure:9142: checking if gcc supports -c -o file.o
configure:9127: result: no
configure:9142: checking if /p/lustre5/evans117/lithe-docker/src/lithe/build-aux/compile gcc supports -c -o file.o
configure:9163: gcc -c -O2 -g -fno-omit-frame-pointer  -o out/conftest2.o conftest.c >&5
configure:9167: $? = 1
chmod: cannot access '.': No such file or directory
configure:9189: result: no
configure:9197: checking if gcc supports -c -o file.o
configure:9244: result: no
configure:9253: checking if we can lock with hard links
configure:9163: /p/lustre5/evans117/lithe-docker/src/lithe/build-aux/compile gcc -c -O2 -g -fno-omit-frame-pointer  -o out/conftest2.o conftest.c >&5
configure:9261: result: yes
configure:9277: checking whether the gcc linker (/usr/bin/ld -m elf_x86_64) supports shared libraries
configure:10536: result: yes
configure:10776: checking dynamic linker characteristics
configure:11357: gcc -o conftest -O2 -g -fno-omit-frame-pointer   -L/p/lustre5/evans117/lithe-docker/install-lithe/lib -rpath /foo conftest.c  -lvcore_stub >&5
configure:9167: $? = 0
gcc: error: unrecognized command-line option '-rpath'
configure:11357: $? = 1
configure: failed program was:
| /* confdefs.h */
| #define PACKAGE_NAME "Lithe"
| #define PACKAGE_NAME "Lithe"
| #define PACKAGE_NAME "Lithe"
| #define PACKAGE_TARNAME "lithe"
| #define PACKAGE_TARNAME "lithe"
| #define PACKAGE_TARNAME "lithe"
| #define PACKAGE_VERSION "1.0"
| #define PACKAGE_VERSION "1.0"
| #define PACKAGE_VERSION "1.0"
| #define PACKAGE_STRING "Lithe 1.0"
| #define PACKAGE_STRING "Lithe 1.0"
| #define PACKAGE_STRING "Lithe 1.0"
| #define PACKAGE_BUGREPORT "klueska@cs.berkeley.edu"
| #define PACKAGE_BUGREPORT "klueska@cs.berkeley.edu"
| #define PACKAGE_BUGREPORT "klueska@cs.berkeley.edu"
| #define PACKAGE_URL ""
| #define PACKAGE_URL ""
| #define PACKAGE_URL ""
| #define PACKAGE "lithe"
| #define PACKAGE "lithe"
| #define PACKAGE "lithe"
| #define VERSION "1.0"
| #define VERSION "1.0"
| #define VERSION "1.0"
| #define STDC_HEADERS 1
| #define STDC_HEADERS 1
| #define HAVE_SYS_TYPES_H 1
| #define HAVE_SYS_TYPES_H 1
| #define HAVE_SYS_STAT_H 1
| #define HAVE_STDLIB_H 1
| #define HAVE_STDLIB_H 1
| #define HAVE_STRING_H 1
| #define HAVE_STRING_H 1
| #define HAVE_MEMORY_H 1
| #define HAVE_MEMORY_H 1
| #define HAVE_STRINGS_H 1
| #define HAVE_STRINGS_H 1
| #define HAVE_INTTYPES_H 1
| #define HAVE_STDINT_H 1
| #define HAVE_UNISTD_H 1
| #define HAVE_UNISTD_H 1
| #define HAVE_DLFCN_H 1
| #define LT_OBJDIR ".libs/"
| #define LT_OBJDIR ".libs/"
| /* end confdefs.h.  */
| 
| int
| main ()
| {
| 
|   ;
|   return 0;
| }
configure:11597: result: GNU/Linux ld.so
configure:11719: checking how to hardcode library paths into programs
configure:11744: result: immediate
configure:12292: checking whether stripping libraries is possible
configure:12297: result: yes
configure:9189: result: yes
configure:12332: checking if libtool supports shared libraries
configure:9197: checking if /p/lustre5/evans117/lithe-docker/src/lithe/build-aux/compile gcc supports -c -o file.o
configure:12334: result: yes
configure:9244: result: yes
configure:12337: checking whether to build shared libraries
configure:9277: checking whether the /p/lustre5/evans117/lithe-docker/src/lithe/build-aux/compile gcc linker (/collab/usr/global/tools/tce4/packages/gcc/gcc-13.3.1/libexec/gcc/x86_64-redhat-linux/13/ld -m elf_x86_64) supports shared libraries
configure:12362: result: yes
configure:12365: checking whether to build static libraries
configure:12369: result: yes
configure:12392: checking how to run the C++ preprocessor
configure:12419: g++ -E  conftest.cpp
configure:10536: result: yes
configure:10573: checking whether -lc should be explicitly linked in
configure:10581: /p/lustre5/evans117/lithe-docker/src/lithe/build-aux/compile gcc -c -O2 -g -fno-omit-frame-pointer  conftest.c >&5
configure:12419: $? = 0
configure:12433: g++ -E  conftest.cpp
configure:10584: $? = 0
configure:10599: /p/lustre5/evans117/lithe-docker/src/lithe/build-aux/compile gcc -shared  -fPIC -DPIC conftest.o  -v -Wl,-soname -Wl,conftest -o conftest 2\>\&1 \| /usr/bin/grep  -lc  \>/dev/null 2\>\&1
conftest.cpp:47:10: fatal error: ac_nonexistent.h: No such file or directory
   47 | #include <ac_nonexistent.h>
      |          ^~~~~~~~~~~~~~~~~~
compilation terminated.
configure:12433: $? = 1
configure: failed program was:
| /* confdefs.h */
| #define PACKAGE_NAME "Lithe"
| #define PACKAGE_NAME "Lithe"
| #define PACKAGE_NAME "Lithe"
| #define PACKAGE_TARNAME "lithe"
| #define PACKAGE_TARNAME "lithe"
| #define PACKAGE_TARNAME "lithe"
| #define PACKAGE_VERSION "1.0"
| #define PACKAGE_VERSION "1.0"
| #define PACKAGE_VERSION "1.0"
| #define PACKAGE_STRING "Lithe 1.0"
| #define PACKAGE_STRING "Lithe 1.0"
| #define PACKAGE_STRING "Lithe 1.0"
| #define PACKAGE_BUGREPORT "klueska@cs.berkeley.edu"
| #define PACKAGE_BUGREPORT "klueska@cs.berkeley.edu"
| #define PACKAGE_BUGREPORT "klueska@cs.berkeley.edu"
| #define PACKAGE_URL ""
| #define PACKAGE_URL ""
| #define PACKAGE_URL ""
| #define PACKAGE "lithe"
| #define PACKAGE "lithe"
| #define PACKAGE "lithe"
| #define VERSION "1.0"
| #define VERSION "1.0"
| #define VERSION "1.0"
| #define STDC_HEADERS 1
| #define STDC_HEADERS 1
| #define HAVE_SYS_TYPES_H 1
| #define HAVE_SYS_TYPES_H 1
| #define HAVE_SYS_STAT_H 1
| #define HAVE_STDLIB_H 1
| #define HAVE_STDLIB_H 1
| #define HAVE_STRING_H 1
| #define HAVE_STRING_H 1
| #define HAVE_MEMORY_H 1
| #define HAVE_MEMORY_H 1
| #define HAVE_STRINGS_H 1
| #define HAVE_STRINGS_H 1
| #define HAVE_INTTYPES_H 1
| #define HAVE_STDINT_H 1
| #define HAVE_UNISTD_H 1
| #define HAVE_UNISTD_H 1
| #define HAVE_DLFCN_H 1
| #define LT_OBJDIR ".libs/"
| #define LT_OBJDIR ".libs/"
| /* end confdefs.h.  */
| #include <ac_nonexistent.h>
configure:12458: result: g++ -E
configure:12478: g++ -E  conftest.cpp
configure:10602: $? = 0
configure:10616: result: no
configure:10776: checking dynamic linker characteristics
configure:12478: $? = 1
configure: failed program was:
configure:12478: g++ -E  conftest.cpp
configure:12478: $? = 0
configure:11357: /p/lustre5/evans117/lithe-docker/src/lithe/build-aux/compile gcc -o conftest -O2 -g -fno-omit-frame-pointer   -L/p/lustre5/evans117/lithe-docker/install-lithe/lib -Wl,-rpath -Wl,/foo conftest.c  -lvcore_stub >&5
configure:12492: g++ -E  conftest.cpp
conftest.cpp:47:10: fatal error: ac_nonexistent.h: No such file or directory
   47 | #include <ac_nonexistent.h>
      |          ^~~~~~~~~~~~~~~~~~
compilation terminated.
configure:12492: $? = 1
configure: failed program was:
| /* confdefs.h */
| #define PACKAGE_NAME "Lithe"
| #define PACKAGE_NAME "Lithe"
| #define PACKAGE_NAME "Lithe"
| #define PACKAGE_TARNAME "lithe"
| #define PACKAGE_TARNAME "lithe"
| #define PACKAGE_TARNAME "lithe"
| #define PACKAGE_VERSION "1.0"
| #define PACKAGE_VERSION "1.0"
| #define PACKAGE_VERSION "1.0"
| #define PACKAGE_STRING "Lithe 1.0"
| #define PACKAGE_STRING "Lithe 1.0"
| #define PACKAGE_STRING "Lithe 1.0"
| #define PACKAGE_BUGREPORT "klueska@cs.berkeley.edu"
| #define PACKAGE_BUGREPORT "klueska@cs.berkeley.edu"
| #define PACKAGE_BUGREPORT "klueska@cs.berkeley.edu"
| #define PACKAGE_URL ""
| #define PACKAGE_URL ""
| #define PACKAGE_URL ""
| #define PACKAGE "lithe"
| #define PACKAGE "lithe"
| #define PACKAGE "lithe"
| #define VERSION "1.0"
| #define VERSION "1.0"
| #define VERSION "1.0"
| #define STDC_HEADERS 1
| #define STDC_HEADERS 1
| #define HAVE_SYS_TYPES_H 1
| #define HAVE_SYS_TYPES_H 1
| #define HAVE_SYS_STAT_H 1
| #define HAVE_STDLIB_H 1
| #define HAVE_STDLIB_H 1
| #define HAVE_STRING_H 1
| #define HAVE_STRING_H 1
| #define HAVE_MEMORY_H 1
| #define HAVE_MEMORY_H 1
| #define HAVE_STRINGS_H 1
| #define HAVE_STRINGS_H 1
| #define HAVE_INTTYPES_H 1
| #define HAVE_STDINT_H 1
| #define HAVE_UNISTD_H 1
| #define HAVE_UNISTD_H 1
| #define HAVE_DLFCN_H 1
| #define LT_OBJDIR ".libs/"
| #define LT_OBJDIR ".libs/"
| /* end confdefs.h.  */
| #include <ac_nonexistent.h>
configure:11357: $? = 0
configure:11597: result: GNU/Linux ld.so
configure:11719: checking how to hardcode library paths into programs
configure:11744: result: immediate
configure:12292: checking whether stripping libraries is possible
configure:12297: result: yes
configure:12332: checking if libtool supports shared libraries
configure:12334: result: yes
configure:12337: checking whether to build shared libraries
configure:12362: result: yes
configure:12365: checking whether to build static libraries
configure:12369: result: yes
configure:12392: checking how to run the C++ preprocessor
configure:12419: g++ -E  conftest.cpp
configure:12419: $? = 0
configure:12433: g++ -E  conftest.cpp
conftest.cpp:47:10: fatal error: ac_nonexistent.h: No such file or directory
   47 | #include <ac_nonexistent.h>
      |          ^~~~~~~~~~~~~~~~~~
compilation terminated.
configure:12433: $? = 1
configure: failed program was:
configure:12654: checking for ld used by g++
configure:12458: result: g++ -E
configure:12478: g++ -E  conftest.cpp
configure:12721: result: /usr/bin/ld -m elf_x86_64
configure:12728: checking if the linker (/usr/bin/ld -m elf_x86_64) is GNU ld
configure:12743: result: yes
configure:12478: $? = 0
configure:12798: checking whether the g++ linker (/usr/bin/ld -m elf_x86_64) supports shared libraries
configure:12492: g++ -E  conftest.cpp
configure:13871: result: yes
configure:13907: g++ -c -O2 -g -fno-omit-frame-pointer  conftest.cpp >&5
configure:12492: $? = 0
configure:12478: g++ -E  conftest.cpp
conftest.cpp:52:22: error: 'Syntax' does not name a type
   52 |                      Syntax error
      |                      ^~~~~~
configure:13910: $? = 1
configure:14391: checking for g++ option to produce PIC
configure:14398: result: -fPIC -DPIC
configure:14406: checking if g++ PIC flag -fPIC -DPIC works
configure:14424: g++ -c -O2 -g -fno-omit-frame-pointer  -fPIC -DPIC -DPIC conftest.cpp >&5
configure:12478: $? = 0
configure:12492: g++ -E  conftest.cpp
conftest.cpp:47:10: fatal error: ac_nonexistent.h: No such file or directory
   47 | #include <ac_nonexistent.h>
      |          ^~~~~~~~~~~~~~~~~~
compilation terminated.
configure:14428: $? = 1
configure:14441: result: no
configure:14464: checking if g++ static flag -static works
configure:12492: $? = 1
configure: failed program was:
| int main(int, char *[]) { return(0); }
configure:14492: result: no
configure:14504: checking if g++ supports -c -o file.o
configure:14525: g++ -c -O2 -g -fno-omit-frame-pointer  -o out/conftest2.o conftest.cpp >&5
configure:14529: $? = 0
configure:14551: result: yes
configure:14556: checking if g++ supports -c -o file.o
configure:14603: result: yes
configure:14633: checking whether the g++ linker (/usr/bin/ld -m elf_x86_64) supports shared libraries
configure:14673: result: yes
configure:14814: checking dynamic linker characteristics
configure:12654: checking for ld used by g++
configure:15562: result: GNU/Linux ld.so
configure:15627: checking how to hardcode library paths into programs
configure:15652: result: immediate
configure: failed program was:
configure:12721: result: /collab/usr/global/tools/tce4/packages/gcc/gcc-13.3.1/libexec/gcc/x86_64-redhat-linux/13/ld -m elf_x86_64
configure:12728: checking if the linker (/collab/usr/global/tools/tce4/packages/gcc/gcc-13.3.1/libexec/gcc/x86_64-redhat-linux/13/ld -m elf_x86_64) is GNU ld
configure:15815: checking for uthread_init in -lparlib
configure:15840: gcc -o conftest -O2 -g -fno-omit-frame-pointer -I/p/lustre5/evans117/lithe-docker/install-lithe/include   -L/p/lustre5/evans117/lithe-docker/install-lithe/lib -L/p/lustre5/evans117/lithe-docker/install-lithe/lib -static -lpthread conftest.c -lparlib   -lvcore_stub -lpthread >&5
configure:15840: $? = 1
configure: failed program was:
configure:12743: result: yes
configure:15849: result: no

## ---------------- ##
## Cache variables. ##
## ---------------- ##

configure:12798: checking whether the g++ linker (/collab/usr/global/tools/tce4/packages/gcc/gcc-13.3.1/libexec/gcc/x86_64-redhat-linux/13/ld -m elf_x86_64) supports shared libraries
configure:13871: result: yes
configure:13907: g++ -c -O2 -g -fno-omit-frame-pointer  conftest.cpp >&5
ac_cv_build=x86_64-pc-linux-gnu
ac_cv_c_compiler_gnu=no
ac_cv_cxx_compiler_gnu=yes
ac_cv_env_CCC_set=
ac_cv_env_CCC_value=
ac_cv_env_CC_set=
ac_cv_env_CC_value=
ac_cv_env_CFLAGS_set=set
ac_cv_env_CFLAGS_value='-O2 -g -fno-omit-frame-pointer'
ac_cv_env_CPPFLAGS_set=
ac_cv_env_CPPFLAGS_value=
ac_cv_env_CPP_set=
ac_cv_env_CPP_value=
ac_cv_env_CXXCPP_set=
ac_cv_env_CXXCPP_value=
ac_cv_env_CXXFLAGS_set=set
ac_cv_env_CXXFLAGS_value='-O2 -g -fno-omit-frame-pointer'
ac_cv_env_CXX_set=
ac_cv_env_CXX_value=
ac_cv_env_LDFLAGS_set=set
ac_cv_env_LDFLAGS_value=' -L/p/lustre5/evans117/lithe-docker/install-lithe/lib'
ac_cv_env_LIBS_set=set
ac_cv_env_LIBS_value=' -lvcore_stub'
ac_cv_env_LT_SYS_LIBRARY_PATH_set=
ac_cv_env_LT_SYS_LIBRARY_PATH_value=
ac_cv_env_build_alias_set=
ac_cv_env_build_alias_value=
ac_cv_env_host_alias_set=
ac_cv_env_host_alias_value=
ac_cv_env_target_alias_set=
ac_cv_env_target_alias_value=
ac_cv_header_dlfcn_h=yes
ac_cv_header_inttypes_h=yes
ac_cv_header_memory_h=yes
ac_cv_header_stdc=yes
ac_cv_header_stdint_h=yes
ac_cv_header_stdlib_h=yes
ac_cv_header_string_h=yes
ac_cv_header_strings_h=yes
ac_cv_header_sys_stat_h=no
ac_cv_header_sys_types_h=yes
ac_cv_header_unistd_h=yes
ac_cv_host=x86_64-pc-linux-gnu
ac_cv_lib_parlib_uthread_init=no
ac_cv_objext=o
ac_cv_path_EGREP='/usr/bin/grep -E'
ac_cv_path_FGREP='/usr/bin/grep -F'
ac_cv_path_GREP=/usr/bin/grep
ac_cv_path_SED=/usr/bin/sed
ac_cv_path_mkdir=/usr/bin/mkdir
ac_cv_prog_AWK=gawk
ac_cv_prog_CPP='gcc -E'
ac_cv_prog_CXXCPP='g++ -E'
ac_cv_prog_ac_ct_AR=ar
ac_cv_prog_ac_ct_CC=gcc
ac_cv_prog_ac_ct_CXX=g++
ac_cv_prog_ac_ct_MANIFEST_TOOL=mt
ac_cv_prog_ac_ct_OBJDUMP=objdump
ac_cv_prog_ac_ct_RANLIB=ranlib
ac_cv_prog_ac_ct_STRIP=strip
ac_cv_prog_cc_c89=no
ac_cv_prog_cc_g=yes
ac_cv_prog_cxx_g=yes
ac_cv_prog_make_make_set=yes
am_cv_CC_dependencies_compiler_type=gcc3
am_cv_CXX_dependencies_compiler_type=gcc3
am_cv_make_support_nested_variables=yes
am_cv_prog_cc_c_o=yes
lt_cv_ar_at_file=@
lt_cv_deplibs_check_method=pass_all
lt_cv_file_magic_cmd='$MAGIC_CMD'
lt_cv_file_magic_test_file=
lt_cv_ld_reload_flag=-r
lt_cv_nm_interface='BSD nm'
lt_cv_objdir=.libs
lt_cv_path_LD=/usr/bin/ld
lt_cv_path_LDCXX='/usr/bin/ld -m elf_x86_64'
lt_cv_path_NM='/opt/cray/pe/cce/20.0.0/binutils/x86_64/x86_64-pc-linux-gnu/bin/nm -B'
lt_cv_path_mainfest_tool=no
lt_cv_prog_compiler_c_o=no
lt_cv_prog_compiler_c_o_CXX=yes
lt_cv_prog_compiler_pic=' -DPIC'
lt_cv_prog_compiler_pic_CXX='-fPIC -DPIC'
lt_cv_prog_compiler_pic_works=no
lt_cv_prog_compiler_pic_works_CXX=no
lt_cv_prog_compiler_static_works=no
lt_cv_prog_compiler_static_works_CXX=no
lt_cv_prog_gnu_ld=yes
lt_cv_prog_gnu_ldcxx=yes
lt_cv_sharedlib_from_linklib_cmd='printf %s\n'
lt_cv_shlibpath_overrides_runpath=no
lt_cv_sys_global_symbol_pipe=
lt_cv_sys_global_symbol_to_c_name_address='sed -n -e '\''s/^: \(.*\) .*$/  {"\1", (void *) 0},/p'\'' -e '\''s/^[ABCDGIRSTW][ABCDGIRSTW]* .* \(.*\)$/  {"\1", (void *) \&\1},/p'\'''
lt_cv_sys_global_symbol_to_c_name_address_lib_prefix='sed -n -e '\''s/^: \(.*\) .*$/  {"\1", (void *) 0},/p'\'' -e '\''s/^[ABCDGIRSTW][ABCDGIRSTW]* .* \(lib.*\)$/  {"\1", (void *) \&\1},/p'\'' -e '\''s/^[ABCDGIRSTW][ABCDGIRSTW]* .* \(.*\)$/  {"lib\1", (void *) \&\1},/p'\'''
lt_cv_sys_global_symbol_to_cdecl=
lt_cv_sys_global_symbol_to_import=
lt_cv_sys_max_cmd_len=3458764513820540925
lt_cv_to_host_file_cmd=func_convert_file_noop
lt_cv_to_tool_file_cmd=func_convert_file_noop
lt_cv_truncate_bin='/usr/bin/sed -e 4q'

## ----------------- ##
## Output variables. ##
## ----------------- ##

ACLOCAL='${SHELL} /p/lustre5/evans117/lithe-docker/src/lithe/build-aux/missing aclocal-1.16'
AMDEPBACKSLASH='\'
AMDEP_FALSE='#'
AMDEP_TRUE=''
AMTAR='$${TAR-tar}'
AM_BACKSLASH='\'
AM_CFLAGS='-std=gnu99                   -g -O2 -Wall               -Wno-unused-function       -Wno-unused-value          -Wno-missing-braces        -fno-exceptions            -fno-strict-aliasing     '
AM_CXXFLAGS='                  -g -O2 -Wall               -Wno-unused-function       -Wno-unused-value          -Wno-missing-braces        -fno-exceptions            -fno-strict-aliasing     '
AM_DEFAULT_V='$(AM_DEFAULT_VERBOSITY)'
AM_DEFAULT_VERBOSITY='1'
AM_V='$(V)'
AR='ar'
AUTOCONF='${SHELL} /p/lustre5/evans117/lithe-docker/src/lithe/build-aux/missing autoconf'
AUTOHEADER='${SHELL} /p/lustre5/evans117/lithe-docker/src/lithe/build-aux/missing autoheader'
AUTOMAKE='${SHELL} /p/lustre5/evans117/lithe-docker/src/lithe/build-aux/missing automake-1.16'
AWK='gawk'
CC='gcc'
CCDEPMODE='depmode=gcc3'
CFLAGS='-O2 -g -fno-omit-frame-pointer -I/p/lustre5/evans117/lithe-docker/install-lithe/include'
CPP='gcc -E'
CPPFLAGS=''
CXX='g++'
CXXCPP='g++ -E'
CXXDEPMODE='depmode=gcc3'
CXXFLAGS='-O2 -g -fno-omit-frame-pointer -I/p/lustre5/evans117/lithe-docker/install-lithe/include'
CYGPATH_W='echo'
DEFS=''
DEPDIR='.deps'
DLLTOOL='false'
DSYMUTIL=''
DUMPBIN=''
ECHO_C=''
ECHO_N='-n'
ECHO_T=''
EGREP='/usr/bin/grep -E'
EXEEXT=''
FGREP='/usr/bin/grep -F'
GREP='/usr/bin/grep'
INSTALL_DATA='${INSTALL} -m 644'
INSTALL_PROGRAM='${INSTALL}'
INSTALL_SCRIPT='${INSTALL}'
INSTALL_STRIP_PROGRAM='$(install_sh) -c -s'
LD='/usr/bin/ld -m elf_x86_64'
LDFLAGS=' -L/p/lustre5/evans117/lithe-docker/install-lithe/lib -L/p/lustre5/evans117/lithe-docker/install-lithe/lib -static -lpthread'
LIBOBJS=''
LIBS=' -lvcore_stub -lpthread'
LIBTOOL='$(SHELL) $(top_builddir)/libtool'
LIPO=''
LN_S='ln -s'
LPARLIB=''
LTLIBOBJS=''
LT_SYS_LIBRARY_PATH=''
MAKEINFO='${SHELL} /p/lustre5/evans117/lithe-docker/src/lithe/build-aux/missing makeinfo'
MANIFEST_TOOL=':'
MKDIR_P='/usr/bin/mkdir -p'
NM='/opt/cray/pe/cce/20.0.0/binutils/x86_64/x86_64-pc-linux-gnu/bin/nm -B'
NMEDIT=''
OBJDUMP='objdump'
OBJEXT='o'
OTOOL64=''
OTOOL=''
PACKAGE='lithe'
PACKAGE_BUGREPORT='klueska@cs.berkeley.edu'
PACKAGE_NAME='Lithe'
PACKAGE_STRING='Lithe 1.0'
PACKAGE_TARNAME='lithe'
PACKAGE_URL=''
PACKAGE_VERSION='1.0'
PATH_SEPARATOR=':'
RANLIB='ranlib'
SED='/usr/bin/sed'
SET_MAKE=''
SHELL='/bin/sh'
SPHINX_BUILD_FALSE=''
SPHINX_BUILD_TRUE='#'
SRCDIR='src'
STATIC_ONLY_FALSE='#'
STATIC_ONLY_TRUE=''
STRIP='strip'
TESTSDIR='tests'
VERSION='1.0'
ac_ct_AR='ar'
ac_ct_CC='gcc'
ac_ct_CXX='g++'
ac_ct_DUMPBIN=''
am__EXEEXT_FALSE=''
am__EXEEXT_TRUE=''
am__fastdepCC_FALSE='#'
am__fastdepCC_TRUE=''
am__fastdepCXX_FALSE='#'
am__fastdepCXX_TRUE=''
am__include='include'
am__isrc=''
am__leading_dot='.'
am__nodep='_no'
am__quote=''
am__tar='$${TAR-tar} chof - "$$tardir"'
am__untar='$${TAR-tar} xf -'
bindir='${exec_prefix}/bin'
build='x86_64-pc-linux-gnu'
build_alias=''
build_cpu='x86_64'
build_os='linux-gnu'
build_vendor='pc'
datadir='${datarootdir}'
datarootdir='${prefix}/share'
docdir='${datarootdir}/doc/${PACKAGE_TARNAME}'
dvidir='${docdir}'
exec_prefix='NONE'
host='x86_64-pc-linux-gnu'
host_alias=''
host_cpu='x86_64'
host_os='linux-gnu'
host_vendor='pc'
htmldir='${docdir}'
includedir='${prefix}/include'
infodir='${datarootdir}/info'
install_sh='${SHELL} /p/lustre5/evans117/lithe-docker/src/lithe/build-aux/install-sh'
libdir='${exec_prefix}/lib'
libexecdir='${exec_prefix}/libexec'
localedir='${datarootdir}/locale'
localstatedir='${prefix}/var'
mandir='${datarootdir}/man'
mkdir_p='$(MKDIR_P)'
oldincludedir='/usr/include'
pdfdir='${docdir}'
prefix='/p/lustre5/evans117/lithe-docker/install-lithe'
program_transform_name='s,x,x,'
psdir='${docdir}'
sbindir='${exec_prefix}/sbin'
sharedstatedir='${prefix}/com'
sysconfdir='${prefix}/etc'
target_alias=''

configure: exit 255
configure:13910: $? = 0
configure:14391: checking for g++ option to produce PIC
configure:14398: result: -fPIC -DPIC
configure:14406: checking if g++ PIC flag -fPIC -DPIC works
configure:14424: g++ -c -O2 -g -fno-omit-frame-pointer  -fPIC -DPIC -DPIC conftest.cpp >&5
configure:14428: $? = 0
configure:14441: result: yes
configure:14464: checking if g++ static flag -static works
configure:14492: result: yes
configure:14504: checking if g++ supports -c -o file.o
configure:14525: g++ -c -O2 -g -fno-omit-frame-pointer  -o out/conftest2.o conftest.cpp >&5
configure:14529: $? = 0
configure:14551: result: yes
configure:14556: checking if g++ supports -c -o file.o
configure:14603: result: yes
configure:14633: checking whether the g++ linker (/collab/usr/global/tools/tce4/packages/gcc/gcc-13.3.1/libexec/gcc/x86_64-redhat-linux/13/ld -m elf_x86_64) supports shared libraries
configure:14673: result: yes
configure:14814: checking dynamic linker characteristics
configure:15562: result: GNU/Linux ld.so
configure:15627: checking how to hardcode library paths into programs
configure:15652: result: immediate
configure:15766: /p/lustre5/evans117/lithe-docker/src/lithe/build-aux/compile gcc -E  conftest.c
configure:15766: $? = 0
configure:15815: checking for uthread_init in -lparlib
configure:15840: /p/lustre5/evans117/lithe-docker/src/lithe/build-aux/compile gcc -o conftest -O2 -g -fno-omit-frame-pointer -I/p/lustre5/evans117/lithe-docker/install-lithe/include   -L/p/lustre5/evans117/lithe-docker/install-lithe/lib -L/p/lustre5/evans117/lithe-docker/install-lithe/lib -static -lpthread conftest.c -lparlib   -lvcore_stub -lpthread >&5
/collab/usr/global/tools/tce4/packages/gcc/gcc-13.3.1/bin/../libexec/gcc/x86_64-redhat-linux/13/ld: warning: libparlib_la-getcontext.o: missing .note.GNU-stack section implies executable stack
/collab/usr/global/tools/tce4/packages/gcc/gcc-13.3.1/bin/../libexec/gcc/x86_64-redhat-linux/13/ld: NOTE: This behaviour is deprecated and will be removed in a future version of the linker
configure:15840: $? = 0
configure:15849: result: yes
configure:15984: checking that generated files are newer than configure
configure:15990: result: done
configure:16025: creating ./config.status

## ---------------------- ##
## Running config.status. ##
## ---------------------- ##

This file was extended by Lithe config.status 1.0, which was
generated by GNU Autoconf 2.69.  Invocation command line was

  CONFIG_FILES    = 
  CONFIG_HEADERS  = 
  CONFIG_LINKS    = 
  CONFIG_COMMANDS = 
  $ ./config.status 

on tuolumne2149

config.status:1182: creating Makefile
config.status:1182: creating config.h
config.status:1411: executing depfiles commands
config.status:1488: cd .       && sed -e '/# am--include-marker/d' Makefile         | make -f - am--depfiles
config.status:1493: $? = 0
config.status:1411: executing libtool commands

## ---------------- ##
## Cache variables. ##
## ---------------- ##

ac_cv_build=x86_64-pc-linux-gnu
ac_cv_c_compiler_gnu=yes
ac_cv_cxx_compiler_gnu=yes
ac_cv_env_CCC_set=
ac_cv_env_CCC_value=
ac_cv_env_CC_set=
ac_cv_env_CC_value=
ac_cv_env_CFLAGS_set=set
ac_cv_env_CFLAGS_value='-O2 -g -fno-omit-frame-pointer'
ac_cv_env_CPPFLAGS_set=
ac_cv_env_CPPFLAGS_value=
ac_cv_env_CPP_set=
ac_cv_env_CPP_value=
ac_cv_env_CXXCPP_set=
ac_cv_env_CXXCPP_value=
ac_cv_env_CXXFLAGS_set=set
ac_cv_env_CXXFLAGS_value='-O2 -g -fno-omit-frame-pointer'
ac_cv_env_CXX_set=
ac_cv_env_CXX_value=
ac_cv_env_LDFLAGS_set=set
ac_cv_env_LDFLAGS_value=' -L/p/lustre5/evans117/lithe-docker/install-lithe/lib'
ac_cv_env_LIBS_set=set
ac_cv_env_LIBS_value=' -lvcore_stub'
ac_cv_env_LT_SYS_LIBRARY_PATH_set=
ac_cv_env_LT_SYS_LIBRARY_PATH_value=
ac_cv_env_build_alias_set=
ac_cv_env_build_alias_value=
ac_cv_env_host_alias_set=
ac_cv_env_host_alias_value=
ac_cv_env_target_alias_set=
ac_cv_env_target_alias_value=
ac_cv_header_dlfcn_h=no
ac_cv_header_inttypes_h=no
ac_cv_header_memory_h=yes
ac_cv_header_stdc=yes
ac_cv_header_stdint_h=no
ac_cv_header_stdlib_h=yes
ac_cv_header_string_h=yes
ac_cv_header_strings_h=yes
ac_cv_header_sys_stat_h=yes
ac_cv_header_sys_types_h=yes
ac_cv_header_unistd_h=yes
ac_cv_host=x86_64-pc-linux-gnu
ac_cv_lib_parlib_uthread_init=yes
ac_cv_objext=o
ac_cv_path_EGREP='/usr/bin/grep -E'
ac_cv_path_FGREP='/usr/bin/grep -F'
ac_cv_path_GREP=/usr/bin/grep
ac_cv_path_SED=/usr/bin/sed
ac_cv_path_install='/usr/bin/install -c'
ac_cv_path_mkdir=/usr/bin/mkdir
ac_cv_prog_AWK=gawk
ac_cv_prog_CPP='/p/lustre5/evans117/lithe-docker/src/lithe/build-aux/compile gcc -E'
ac_cv_prog_CXXCPP='g++ -E'
ac_cv_prog_ac_ct_AR=ar
ac_cv_prog_ac_ct_CC=gcc
ac_cv_prog_ac_ct_CXX=g++
ac_cv_prog_ac_ct_MANIFEST_TOOL=mt
ac_cv_prog_ac_ct_OBJDUMP=objdump
ac_cv_prog_ac_ct_RANLIB=ranlib
ac_cv_prog_ac_ct_STRIP=strip
ac_cv_prog_cc_c89=
ac_cv_prog_cc_g=yes
ac_cv_prog_cxx_g=yes
ac_cv_prog_make_make_set=yes
am_cv_CC_dependencies_compiler_type=gcc3
am_cv_CXX_dependencies_compiler_type=gcc3
am_cv_make_support_nested_variables=yes
am_cv_prog_cc_c_o=no
lt_cv_ar_at_file=@
lt_cv_archive_cmds_need_lc=no
lt_cv_deplibs_check_method=pass_all
lt_cv_file_magic_cmd='$MAGIC_CMD'
lt_cv_file_magic_test_file=
lt_cv_ld_reload_flag=-r
lt_cv_nm_interface='BSD nm'
lt_cv_objdir=.libs
lt_cv_path_LD=/collab/usr/global/tools/tce4/packages/gcc/gcc-13.3.1/libexec/gcc/x86_64-redhat-linux/13/ld
lt_cv_path_LDCXX='/collab/usr/global/tools/tce4/packages/gcc/gcc-13.3.1/libexec/gcc/x86_64-redhat-linux/13/ld -m elf_x86_64'
lt_cv_path_NM='/opt/cray/pe/cce/20.0.0/binutils/x86_64/x86_64-pc-linux-gnu/bin/nm -B'
lt_cv_path_mainfest_tool=no
lt_cv_prog_compiler_c_o=yes
lt_cv_prog_compiler_c_o_CXX=yes
lt_cv_prog_compiler_pic='-fPIC -DPIC'
lt_cv_prog_compiler_pic_CXX='-fPIC -DPIC'
lt_cv_prog_compiler_pic_works=yes
lt_cv_prog_compiler_pic_works_CXX=yes
lt_cv_prog_compiler_rtti_exceptions=no
lt_cv_prog_compiler_static_works=no
lt_cv_prog_compiler_static_works_CXX=yes
lt_cv_prog_gnu_ld=yes
lt_cv_prog_gnu_ldcxx=yes
lt_cv_sharedlib_from_linklib_cmd='printf %s\n'
lt_cv_shlibpath_overrides_runpath=no
lt_cv_sys_global_symbol_pipe=
lt_cv_sys_global_symbol_to_c_name_address='sed -n -e '\''s/^: \(.*\) .*$/  {"\1", (void *) 0},/p'\'' -e '\''s/^[ABCDGIRSTW][ABCDGIRSTW]* .* \(.*\)$/  {"\1", (void *) \&\1},/p'\'''
lt_cv_sys_global_symbol_to_c_name_address_lib_prefix='sed -n -e '\''s/^: \(.*\) .*$/  {"\1", (void *) 0},/p'\'' -e '\''s/^[ABCDGIRSTW][ABCDGIRSTW]* .* \(lib.*\)$/  {"\1", (void *) \&\1},/p'\'' -e '\''s/^[ABCDGIRSTW][ABCDGIRSTW]* .* \(.*\)$/  {"lib\1", (void *) \&\1},/p'\'''
lt_cv_sys_global_symbol_to_cdecl=
lt_cv_sys_global_symbol_to_import=
lt_cv_sys_max_cmd_len=3458764513820540925
lt_cv_to_host_file_cmd=func_convert_file_noop
lt_cv_to_tool_file_cmd=func_convert_file_noop
lt_cv_truncate_bin='/usr/bin/sed -e 4q'

## ----------------- ##
## Output variables. ##
## ----------------- ##

ACLOCAL='${SHELL} /p/lustre5/evans117/lithe-docker/src/lithe/build-aux/missing aclocal-1.16'
AMDEPBACKSLASH='\'
AMDEP_FALSE='#'
AMDEP_TRUE=''
AMTAR='$${TAR-tar}'
AM_BACKSLASH='\'
AM_CFLAGS='-std=gnu99                   -g -O2 -Wall               -Wno-unused-function       -Wno-unused-value          -Wno-missing-braces        -fno-exceptions            -fno-strict-aliasing     '
AM_CXXFLAGS='                  -g -O2 -Wall               -Wno-unused-function       -Wno-unused-value          -Wno-missing-braces        -fno-exceptions            -fno-strict-aliasing     '
AM_DEFAULT_V='$(AM_DEFAULT_VERBOSITY)'
AM_DEFAULT_VERBOSITY='1'
AM_V='$(V)'
AR='ar'
AUTOCONF='${SHELL} /p/lustre5/evans117/lithe-docker/src/lithe/build-aux/missing autoconf'
AUTOHEADER='${SHELL} /p/lustre5/evans117/lithe-docker/src/lithe/build-aux/missing autoheader'
AUTOMAKE='${SHELL} /p/lustre5/evans117/lithe-docker/src/lithe/build-aux/missing automake-1.16'
AWK='gawk'
CC='/p/lustre5/evans117/lithe-docker/src/lithe/build-aux/compile gcc'
CCDEPMODE='depmode=gcc3'
CFLAGS='-O2 -g -fno-omit-frame-pointer -I/p/lustre5/evans117/lithe-docker/install-lithe/include'
CPP='/p/lustre5/evans117/lithe-docker/src/lithe/build-aux/compile gcc -E'
CPPFLAGS=''
CXX='g++'
CXXCPP='g++ -E'
CXXDEPMODE='depmode=gcc3'
CXXFLAGS='-O2 -g -fno-omit-frame-pointer -I/p/lustre5/evans117/lithe-docker/install-lithe/include'
CYGPATH_W='echo'
DEFS='-DHAVE_CONFIG_H'
DEPDIR='.deps'
DLLTOOL='false'
DSYMUTIL=''
DUMPBIN=''
ECHO_C=''
ECHO_N='-n'
ECHO_T=''
EGREP='/usr/bin/grep -E'
EXEEXT=''
FGREP='/usr/bin/grep -F'
GREP='/usr/bin/grep'
INSTALL_DATA='${INSTALL} -m 644'
INSTALL_PROGRAM='${INSTALL}'
INSTALL_SCRIPT='${INSTALL}'
INSTALL_STRIP_PROGRAM='$(install_sh) -c -s'
LD='/collab/usr/global/tools/tce4/packages/gcc/gcc-13.3.1/libexec/gcc/x86_64-redhat-linux/13/ld -m elf_x86_64'
LDFLAGS=' -L/p/lustre5/evans117/lithe-docker/install-lithe/lib -L/p/lustre5/evans117/lithe-docker/install-lithe/lib'
LIBOBJS=''
LIBS=' -lvcore_stub'
LIBTOOL='$(SHELL) $(top_builddir)/libtool'
LIPO=''
LN_S='ln -s'
LPARLIB='-lparlib'
LTLIBOBJS=''
LT_SYS_LIBRARY_PATH=''
MAKEINFO='${SHELL} /p/lustre5/evans117/lithe-docker/src/lithe/build-aux/missing makeinfo'
MANIFEST_TOOL=':'
MKDIR_P='/usr/bin/mkdir -p'
NM='/opt/cray/pe/cce/20.0.0/binutils/x86_64/x86_64-pc-linux-gnu/bin/nm -B'
NMEDIT=''
OBJDUMP='objdump'
OBJEXT='o'
OTOOL64=''
OTOOL=''
PACKAGE='lithe'
PACKAGE_BUGREPORT='klueska@cs.berkeley.edu'
PACKAGE_NAME='Lithe'
PACKAGE_STRING='Lithe 1.0'
PACKAGE_TARNAME='lithe'
PACKAGE_URL=''
PACKAGE_VERSION='1.0'
PATH_SEPARATOR=':'
RANLIB='ranlib'
SED='/usr/bin/sed'
SET_MAKE=''
SHELL='/bin/sh'
SPHINX_BUILD_FALSE=''
SPHINX_BUILD_TRUE='#'
SRCDIR='src'
STATIC_ONLY_FALSE=''
STATIC_ONLY_TRUE='#'
STRIP='strip'
TESTSDIR='tests'
VERSION='1.0'
ac_ct_AR='ar'
ac_ct_CC='gcc'
ac_ct_CXX='g++'
ac_ct_DUMPBIN=''
am__EXEEXT_FALSE=''
am__EXEEXT_TRUE='#'
am__fastdepCC_FALSE='#'
am__fastdepCC_TRUE=''
am__fastdepCXX_FALSE='#'
am__fastdepCXX_TRUE=''
am__include='include'
am__isrc=''
am__leading_dot='.'
am__nodep='_no'
am__quote=''
am__tar='$${TAR-tar} chof - "$$tardir"'
am__untar='$${TAR-tar} xf -'
bindir='${exec_prefix}/bin'
build='x86_64-pc-linux-gnu'
build_alias=''
build_cpu='x86_64'
build_os='linux-gnu'
build_vendor='pc'
datadir='${datarootdir}'
datarootdir='${prefix}/share'
docdir='${datarootdir}/doc/${PACKAGE_TARNAME}'
dvidir='${docdir}'
exec_prefix='${prefix}'
host='x86_64-pc-linux-gnu'
host_alias=''
host_cpu='x86_64'
host_os='linux-gnu'
host_vendor='pc'
htmldir='${docdir}'
includedir='${prefix}/include'
infodir='${datarootdir}/info'
install_sh='${SHELL} /p/lustre5/evans117/lithe-docker/src/lithe/build-aux/install-sh'
libdir='${exec_prefix}/lib'
libexecdir='${exec_prefix}/libexec'
localedir='${datarootdir}/locale'
localstatedir='${prefix}/var'
mandir='${datarootdir}/man'
mkdir_p='$(MKDIR_P)'
oldincludedir='/usr/include'
pdfdir='${docdir}'
prefix='/p/lustre5/evans117/lithe-docker/install-lithe'
program_transform_name='s,x,x,'
psdir='${docdir}'
sbindir='${exec_prefix}/sbin'
sharedstatedir='${prefix}/com'
sysconfdir='${prefix}/etc'
target_alias=''

## ----------- ##
## confdefs.h. ##
## ----------- ##

/* confdefs.h */
#define PACKAGE_NAME "Lithe"
#define PACKAGE_NAME "Lithe"
#define PACKAGE_NAME "Lithe"
#define PACKAGE_TARNAME "lithe"
#define PACKAGE_TARNAME "lithe"
#define PACKAGE_TARNAME "lithe"
#define PACKAGE_VERSION "1.0"
#define PACKAGE_VERSION "1.0"
#define PACKAGE_VERSION "1.0"
#define PACKAGE_STRING "Lithe 1.0"
#define PACKAGE_STRING "Lithe 1.0"
#define PACKAGE_STRING "Lithe 1.0"
#define PACKAGE_BUGREPORT "klueska@cs.berkeley.edu"
#define PACKAGE_BUGREPORT "klueska@cs.berkeley.edu"
#define PACKAGE_BUGREPORT "klueska@cs.berkeley.edu"
#define PACKAGE_URL ""
#define PACKAGE_URL ""
#define PACKAGE_URL ""
#define PACKAGE "lithe"
#define PACKAGE "lithe"
#define PACKAGE "lithe"
#define VERSION "1.0"
#define VERSION "1.0"
#define VERSION "1.0"
#define STDC_HEADERS 1
#define STDC_HEADERS 1
#define HAVE_SYS_TYPES_H 1
#define HAVE_SYS_TYPES_H 1
#define HAVE_SYS_STAT_H 1
#define HAVE_STDLIB_H 1
#define HAVE_STDLIB_H 1
#define HAVE_STRING_H 1
#define HAVE_STRING_H 1
#define HAVE_MEMORY_H 1
#define HAVE_MEMORY_H 1
#define HAVE_STRINGS_H 1
#define HAVE_STRINGS_H 1
#define HAVE_INTTYPES_H 1
#define HAVE_STDINT_H 1
#define HAVE_UNISTD_H 1
#define HAVE_UNISTD_H 1
#define HAVE_DLFCN_H 1
#define LT_OBJDIR ".libs/"
#define LT_OBJDIR ".libs/"
#define HAVE_LIBPARLIB 1

configure: exit 0
